Release 14.5 - xst P.58f (nt64)
Copyright (c) 1995-2012 Xilinx, Inc.  All rights reserved.
--> Parameter TMPDIR set to xst/projnav.tmp


Total REAL time to Xst completion: 1.00 secs
Total CPU time to Xst completion: 0.28 secs
 
--> Parameter xsthdpdir set to xst


Total REAL time to Xst completion: 1.00 secs
Total CPU time to Xst completion: 0.28 secs
 
--> Reading design: datapath.prj

TABLE OF CONTENTS
  1) Synthesis Options Summary
  2) HDL Parsing
  3) HDL Elaboration
  4) HDL Synthesis
       4.1) HDL Synthesis Report
  5) Advanced HDL Synthesis
       5.1) Advanced HDL Synthesis Report
  6) Low Level Synthesis
  7) Partition Report
  8) Design Summary
       8.1) Primitive and Black Box Usage
       8.2) Device utilization summary
       8.3) Partition Resource Summary
       8.4) Timing Report
            8.4.1) Clock Information
            8.4.2) Asynchronous Control Signals Information
            8.4.3) Timing Summary
            8.4.4) Timing Details
            8.4.5) Cross Clock Domains Report


=========================================================================
*                      Synthesis Options Summary                        *
=========================================================================
---- Source Parameters
Input File Name                    : "datapath.prj"
Ignore Synthesis Constraint File   : NO

---- Target Parameters
Output File Name                   : "datapath"
Output Format                      : NGC
Target Device                      : xc7a100t-3-csg324

---- Source Options
Top Module Name                    : datapath
Automatic FSM Extraction           : YES
FSM Encoding Algorithm             : Auto
Safe Implementation                : No
FSM Style                          : LUT
RAM Extraction                     : Yes
RAM Style                          : Auto
ROM Extraction                     : Yes
Shift Register Extraction          : YES
ROM Style                          : Auto
Resource Sharing                   : YES
Asynchronous To Synchronous        : NO
Shift Register Minimum Size        : 2
Use DSP Block                      : Auto
Automatic Register Balancing       : No

---- Target Options
LUT Combining                      : Auto
Reduce Control Sets                : Auto
Add IO Buffers                     : YES
Global Maximum Fanout              : 100000
Add Generic Clock Buffer(BUFG)     : 32
Register Duplication               : YES
Optimize Instantiated Primitives   : NO
Use Clock Enable                   : Auto
Use Synchronous Set                : Auto
Use Synchronous Reset              : Auto
Pack IO Registers into IOBs        : Auto
Equivalent register Removal        : YES

---- General Options
Optimization Goal                  : Speed
Optimization Effort                : 1
Power Reduction                    : NO
Keep Hierarchy                     : No
Netlist Hierarchy                  : As_Optimized
RTL Output                         : Yes
Global Optimization                : AllClockNets
Read Cores                         : YES
Write Timing Constraints           : NO
Cross Clock Analysis               : NO
Hierarchy Separator                : /
Bus Delimiter                      : <>
Case Specifier                     : Maintain
Slice Utilization Ratio            : 100
BRAM Utilization Ratio             : 100
DSP48 Utilization Ratio            : 100
Auto BRAM Packing                  : NO
Slice Utilization Ratio Delta      : 5

=========================================================================


=========================================================================
*                          HDL Parsing                                  *
=========================================================================
Parsing VHDL file "C:\Users\Malak\Downloads\PHASE2 (1)\PHASE2\MYREGISTER.vhd" into library work
Parsing entity <MYREGISTER>.
Parsing architecture <Behavioral> of entity <myregister>.
Parsing VHDL file "C:\Users\Malak\Downloads\PHASE2 (1)\PHASE2\MYPACK.vhd" into library work
Parsing package <MYPACK>.
Parsing VHDL file "C:\Users\Malak\Downloads\PHASE2 (1)\PHASE2\MUX.vhd" into library work
Parsing entity <MUX>.
Parsing architecture <Behavioral> of entity <mux>.
Parsing VHDL file "C:\Users\Malak\Downloads\PHASE2 (1)\PHASE2\DECODER.vhd" into library work
Parsing entity <DECODER>.
Parsing architecture <Behavioral> of entity <decoder>.
Parsing VHDL file "C:\Users\Malak\Downloads\PHASE2 (1)\PHASE2\signextened.vhd" into library work
Parsing entity <signextened>.
Parsing architecture <Behavioral> of entity <signextened>.
Parsing VHDL file "C:\Users\Malak\Downloads\PHASE2 (1)\PHASE2\shiftleft2.vhd" into library work
Parsing entity <shiftleft2>.
Parsing architecture <Behavioral> of entity <shiftleft2>.
Parsing VHDL file "C:\Users\Malak\Downloads\PHASE2 (1)\PHASE2\REGISTERFILE.vhd" into library work
Parsing entity <REGISTERFILE>.
Parsing architecture <Behavioral> of entity <registerfile>.
Parsing VHDL file "C:\Users\Malak\Downloads\PHASE2 (1)\PHASE2\Mux2.vhd" into library work
Parsing entity <mux2>.
Parsing architecture <MuxArch> of entity <mux2>.
Parsing VHDL file "C:\Users\Malak\Downloads\PHASE2 (1)\PHASE2\datapathpack.vhd" into library work
Parsing package <datapathpack>.
Parsing package body <datapathpack>.
Parsing VHDL file "C:\Users\Malak\Downloads\PHASE2 (1)\PHASE2\ALU.vhd" into library work
Parsing entity <ALU>.
Parsing architecture <Behavioral> of entity <alu>.
Parsing VHDL file "C:\Users\Malak\Downloads\PHASE2 (1)\PHASE2\adder.vhd" into library work
Parsing entity <adder>.
Parsing architecture <Behavioral> of entity <adder>.
Parsing VHDL file "C:\Users\Malak\Downloads\PHASE2 (1)\PHASE2\datapath.vhd" into library work
Parsing entity <datapath>.
Parsing architecture <Behavioral> of entity <datapath>.

=========================================================================
*                            HDL Elaboration                            *
=========================================================================

Elaborating entity <datapath> (architecture <Behavioral>) from library <work>.

Elaborating entity <MYREGISTER> (architecture <Behavioral>) from library <work>.

Elaborating entity <adder> (architecture <Behavioral>) from library <work>.

Elaborating entity <shiftleft2> (architecture <Behavioral>) from library <work>.

Elaborating entity <mux2> (architecture <MuxArch>) with generics from library <work>.

Elaborating entity <REGISTERFILE> (architecture <Behavioral>) from library <work>.

Elaborating entity <DECODER> (architecture <Behavioral>) from library <work>.

Elaborating entity <MUX> (architecture <Behavioral>) from library <work>.

Elaborating entity <mux2> (architecture <MuxArch>) with generics from library <work>.

Elaborating entity <signextened> (architecture <Behavioral>) from library <work>.

Elaborating entity <ALU> (architecture <Behavioral>) from library <work>.

=========================================================================
*                           HDL Synthesis                               *
=========================================================================

Synthesizing Unit <datapath>.
    Related source file is "C:\Users\Malak\Downloads\PHASE2 (1)\PHASE2\datapath.vhd".
WARNING:Xst:647 - Input <instr<31:26>> is never used. This port will be preserved and left unconnected if it belongs to a top-level block or it belongs to a sub-block and the hierarchy of this sub-block is preserved.
    Summary:
	no macro.
Unit <datapath> synthesized.

Synthesizing Unit <MYREGISTER>.
    Related source file is "C:\Users\Malak\Downloads\PHASE2 (1)\PHASE2\MYREGISTER.vhd".
    Found 32-bit register for signal <O>.
    Summary:
	inferred  32 D-type flip-flop(s).
Unit <MYREGISTER> synthesized.

Synthesizing Unit <adder>.
    Related source file is "C:\Users\Malak\Downloads\PHASE2 (1)\PHASE2\adder.vhd".
    Found 32-bit adder for signal <y> created at line 43.
    Summary:
	inferred   1 Adder/Subtractor(s).
Unit <adder> synthesized.

Synthesizing Unit <shiftleft2>.
    Related source file is "C:\Users\Malak\Downloads\PHASE2 (1)\PHASE2\shiftleft2.vhd".
WARNING:Xst:647 - Input <I<31:30>> is never used. This port will be preserved and left unconnected if it belongs to a top-level block or it belongs to a sub-block and the hierarchy of this sub-block is preserved.
    Summary:
	no macro.
Unit <shiftleft2> synthesized.

Synthesizing Unit <mux2_1>.
    Related source file is "C:\Users\Malak\Downloads\PHASE2 (1)\PHASE2\Mux2.vhd".
        width = 32
    Summary:
	inferred   1 Multiplexer(s).
Unit <mux2_1> synthesized.

Synthesizing Unit <REGISTERFILE>.
    Related source file is "C:\Users\Malak\Downloads\PHASE2 (1)\PHASE2\REGISTERFILE.vhd".
    Summary:
	no macro.
Unit <REGISTERFILE> synthesized.

Synthesizing Unit <DECODER>.
    Related source file is "C:\Users\Malak\Downloads\PHASE2 (1)\PHASE2\DECODER.vhd".
    Found 1-bit tristate buffer for signal <Output<31>> created at line 44
    Found 1-bit tristate buffer for signal <Output<30>> created at line 44
    Found 1-bit tristate buffer for signal <Output<29>> created at line 44
    Found 1-bit tristate buffer for signal <Output<28>> created at line 44
    Found 1-bit tristate buffer for signal <Output<27>> created at line 44
    Found 1-bit tristate buffer for signal <Output<26>> created at line 44
    Found 1-bit tristate buffer for signal <Output<25>> created at line 44
    Found 1-bit tristate buffer for signal <Output<24>> created at line 44
    Found 1-bit tristate buffer for signal <Output<23>> created at line 44
    Found 1-bit tristate buffer for signal <Output<22>> created at line 44
    Found 1-bit tristate buffer for signal <Output<21>> created at line 44
    Found 1-bit tristate buffer for signal <Output<20>> created at line 44
    Found 1-bit tristate buffer for signal <Output<19>> created at line 44
    Found 1-bit tristate buffer for signal <Output<18>> created at line 44
    Found 1-bit tristate buffer for signal <Output<17>> created at line 44
    Found 1-bit tristate buffer for signal <Output<16>> created at line 44
    Found 1-bit tristate buffer for signal <Output<15>> created at line 44
    Found 1-bit tristate buffer for signal <Output<14>> created at line 44
    Found 1-bit tristate buffer for signal <Output<13>> created at line 44
    Found 1-bit tristate buffer for signal <Output<12>> created at line 44
    Found 1-bit tristate buffer for signal <Output<11>> created at line 44
    Found 1-bit tristate buffer for signal <Output<10>> created at line 44
    Found 1-bit tristate buffer for signal <Output<9>> created at line 44
    Found 1-bit tristate buffer for signal <Output<8>> created at line 44
    Found 1-bit tristate buffer for signal <Output<7>> created at line 44
    Found 1-bit tristate buffer for signal <Output<6>> created at line 44
    Found 1-bit tristate buffer for signal <Output<5>> created at line 44
    Found 1-bit tristate buffer for signal <Output<4>> created at line 44
    Found 1-bit tristate buffer for signal <Output<3>> created at line 44
    Found 1-bit tristate buffer for signal <Output<2>> created at line 44
    Found 1-bit tristate buffer for signal <Output<1>> created at line 44
    Found 1-bit tristate buffer for signal <Output<0>> created at line 44
    Summary:
	inferred  74 Multiplexer(s).
	inferred  32 Tristate(s).
Unit <DECODER> synthesized.

Synthesizing Unit <MUX>.
    Related source file is "C:\Users\Malak\Downloads\PHASE2 (1)\PHASE2\MUX.vhd".
    Found 1-bit 32-to-1 multiplexer for signal <Z_14_o_I0[31]_MUX_1120_o> created at line 43.
    Found 1-bit 32-to-1 multiplexer for signal <Z_14_o_I0[30]_MUX_1152_o> created at line 43.
    Found 1-bit 32-to-1 multiplexer for signal <Z_14_o_I0[29]_MUX_1184_o> created at line 43.
    Found 1-bit 32-to-1 multiplexer for signal <Z_14_o_I0[28]_MUX_1216_o> created at line 43.
    Found 1-bit 32-to-1 multiplexer for signal <Z_14_o_I0[27]_MUX_1248_o> created at line 43.
    Found 1-bit 32-to-1 multiplexer for signal <Z_14_o_I0[26]_MUX_1280_o> created at line 43.
    Found 1-bit 32-to-1 multiplexer for signal <Z_14_o_I0[25]_MUX_1312_o> created at line 43.
    Found 1-bit 32-to-1 multiplexer for signal <Z_14_o_I0[24]_MUX_1344_o> created at line 43.
    Found 1-bit 32-to-1 multiplexer for signal <Z_14_o_I0[23]_MUX_1376_o> created at line 43.
    Found 1-bit 32-to-1 multiplexer for signal <Z_14_o_I0[22]_MUX_1408_o> created at line 43.
    Found 1-bit 32-to-1 multiplexer for signal <Z_14_o_I0[21]_MUX_1440_o> created at line 43.
    Found 1-bit 32-to-1 multiplexer for signal <Z_14_o_I0[20]_MUX_1472_o> created at line 43.
    Found 1-bit 32-to-1 multiplexer for signal <Z_14_o_I0[19]_MUX_1504_o> created at line 43.
    Found 1-bit 32-to-1 multiplexer for signal <Z_14_o_I0[18]_MUX_1536_o> created at line 43.
    Found 1-bit 32-to-1 multiplexer for signal <Z_14_o_I0[17]_MUX_1568_o> created at line 43.
    Found 1-bit 32-to-1 multiplexer for signal <Z_14_o_I0[16]_MUX_1600_o> created at line 43.
    Found 1-bit 32-to-1 multiplexer for signal <Z_14_o_I0[15]_MUX_1632_o> created at line 43.
    Found 1-bit 32-to-1 multiplexer for signal <Z_14_o_I0[14]_MUX_1664_o> created at line 43.
    Found 1-bit 32-to-1 multiplexer for signal <Z_14_o_I0[13]_MUX_1696_o> created at line 43.
    Found 1-bit 32-to-1 multiplexer for signal <Z_14_o_I0[12]_MUX_1728_o> created at line 43.
    Found 1-bit 32-to-1 multiplexer for signal <Z_14_o_I0[11]_MUX_1760_o> created at line 43.
    Found 1-bit 32-to-1 multiplexer for signal <Z_14_o_I0[10]_MUX_1792_o> created at line 43.
    Found 1-bit 32-to-1 multiplexer for signal <Z_14_o_I0[9]_MUX_1824_o> created at line 43.
    Found 1-bit 32-to-1 multiplexer for signal <Z_14_o_I0[8]_MUX_1856_o> created at line 43.
    Found 1-bit 32-to-1 multiplexer for signal <Z_14_o_I0[7]_MUX_1888_o> created at line 43.
    Found 1-bit 32-to-1 multiplexer for signal <Z_14_o_I0[6]_MUX_1920_o> created at line 43.
    Found 1-bit 32-to-1 multiplexer for signal <Z_14_o_I0[5]_MUX_1952_o> created at line 43.
    Found 1-bit 32-to-1 multiplexer for signal <Z_14_o_I0[4]_MUX_1984_o> created at line 43.
    Found 1-bit 32-to-1 multiplexer for signal <Z_14_o_I0[3]_MUX_2016_o> created at line 43.
    Found 1-bit 32-to-1 multiplexer for signal <Z_14_o_I0[2]_MUX_2048_o> created at line 43.
    Found 1-bit 32-to-1 multiplexer for signal <Z_14_o_I0[1]_MUX_2080_o> created at line 43.
    Found 1-bit 32-to-1 multiplexer for signal <Z_14_o_I0[0]_MUX_2112_o> created at line 43.
    Found 1-bit tristate buffer for signal <O<31>> created at line 43
    Found 1-bit tristate buffer for signal <O<30>> created at line 43
    Found 1-bit tristate buffer for signal <O<29>> created at line 43
    Found 1-bit tristate buffer for signal <O<28>> created at line 43
    Found 1-bit tristate buffer for signal <O<27>> created at line 43
    Found 1-bit tristate buffer for signal <O<26>> created at line 43
    Found 1-bit tristate buffer for signal <O<25>> created at line 43
    Found 1-bit tristate buffer for signal <O<24>> created at line 43
    Found 1-bit tristate buffer for signal <O<23>> created at line 43
    Found 1-bit tristate buffer for signal <O<22>> created at line 43
    Found 1-bit tristate buffer for signal <O<21>> created at line 43
    Found 1-bit tristate buffer for signal <O<20>> created at line 43
    Found 1-bit tristate buffer for signal <O<19>> created at line 43
    Found 1-bit tristate buffer for signal <O<18>> created at line 43
    Found 1-bit tristate buffer for signal <O<17>> created at line 43
    Found 1-bit tristate buffer for signal <O<16>> created at line 43
    Found 1-bit tristate buffer for signal <O<15>> created at line 43
    Found 1-bit tristate buffer for signal <O<14>> created at line 43
    Found 1-bit tristate buffer for signal <O<13>> created at line 43
    Found 1-bit tristate buffer for signal <O<12>> created at line 43
    Found 1-bit tristate buffer for signal <O<11>> created at line 43
    Found 1-bit tristate buffer for signal <O<10>> created at line 43
    Found 1-bit tristate buffer for signal <O<9>> created at line 43
    Found 1-bit tristate buffer for signal <O<8>> created at line 43
    Found 1-bit tristate buffer for signal <O<7>> created at line 43
    Found 1-bit tristate buffer for signal <O<6>> created at line 43
    Found 1-bit tristate buffer for signal <O<5>> created at line 43
    Found 1-bit tristate buffer for signal <O<4>> created at line 43
    Found 1-bit tristate buffer for signal <O<3>> created at line 43
    Found 1-bit tristate buffer for signal <O<2>> created at line 43
    Found 1-bit tristate buffer for signal <O<1>> created at line 43
    Found 1-bit tristate buffer for signal <O<0>> created at line 43
    Summary:
	inferred  32 Multiplexer(s).
	inferred  32 Tristate(s).
Unit <MUX> synthesized.

Synthesizing Unit <mux2_2>.
    Related source file is "C:\Users\Malak\Downloads\PHASE2 (1)\PHASE2\Mux2.vhd".
        width = 5
    Summary:
	inferred   1 Multiplexer(s).
Unit <mux2_2> synthesized.

Synthesizing Unit <signextened>.
    Related source file is "C:\Users\Malak\Downloads\PHASE2 (1)\PHASE2\signextened.vhd".
    Summary:
	no macro.
Unit <signextened> synthesized.

Synthesizing Unit <ALU>.
    Related source file is "C:\Users\Malak\Downloads\PHASE2 (1)\PHASE2\ALU.vhd".
    Found 32-bit adder for signal <n0168> created at line 52.
    Found 32-bit adder for signal <s> created at line 52.
    Found 32-bit 4-to-1 multiplexer for signal <dataout> created at line 38.
    Summary:
	inferred   2 Adder/Subtractor(s).
	inferred   3 Multiplexer(s).
Unit <ALU> synthesized.

=========================================================================
HDL Synthesis Report

Macro Statistics
# Adders/Subtractors                                   : 4
 32-bit adder                                          : 4
# Registers                                            : 32
 32-bit register                                       : 32
# Multiplexers                                         : 146
 1-bit 2-to-1 multiplexer                              : 74
 1-bit 32-to-1 multiplexer                             : 64
 32-bit 2-to-1 multiplexer                             : 6
 32-bit 4-to-1 multiplexer                             : 1
 5-bit 2-to-1 multiplexer                              : 1
# Tristates                                            : 96
 1-bit tristate buffer                                 : 96

=========================================================================

=========================================================================
*                       Advanced HDL Synthesis                          *
=========================================================================


=========================================================================
Advanced HDL Synthesis Report

Macro Statistics
# Adders/Subtractors                                   : 3
 32-bit adder                                          : 2
 32-bit adder carry in                                 : 1
# Registers                                            : 1024
 Flip-Flops                                            : 1024
# Multiplexers                                         : 146
 1-bit 2-to-1 multiplexer                              : 74
 1-bit 32-to-1 multiplexer                             : 64
 32-bit 2-to-1 multiplexer                             : 6
 32-bit 4-to-1 multiplexer                             : 1
 5-bit 2-to-1 multiplexer                              : 1

=========================================================================

=========================================================================
*                         Low Level Synthesis                           *
=========================================================================
WARNING:Xst:2042 - Unit datapath: 64 internal tristates are replaced by logic (pull-up yes): N10, N11, N12, N13, N14, N15, N16, N17, N18, N19, N20, N21, N22, N23, N24, N25, N26, N27, N28, N29, N30, N31, N32, N33, N34, N35, N4, N5, N6, N7, N8, N9, data1<0>, data1<10>, data1<11>, data1<12>, data1<13>, data1<14>, data1<15>, data1<16>, data1<17>, data1<18>, data1<19>, data1<1>, data1<20>, data1<21>, data1<22>, data1<23>, data1<24>, data1<25>, data1<26>, data1<27>, data1<28>, data1<29>, data1<2>, data1<30>, data1<31>, data1<3>, data1<4>, data1<5>, data1<6>, data1<7>, data1<8>, data1<9>.
WARNING:Xst:2042 - Unit DECODER: 32 internal tristates are replaced by logic (pull-up yes): Output<0>, Output<10>, Output<11>, Output<12>, Output<13>, Output<14>, Output<15>, Output<16>, Output<17>, Output<18>, Output<19>, Output<1>, Output<20>, Output<21>, Output<22>, Output<23>, Output<24>, Output<25>, Output<26>, Output<27>, Output<28>, Output<29>, Output<2>, Output<30>, Output<31>, Output<3>, Output<4>, Output<5>, Output<6>, Output<7>, Output<8>, Output<9>.

Optimizing unit <MYREGISTER> ...

Optimizing unit <datapath> ...

Optimizing unit <ALU> ...

Optimizing unit <DECODER> ...
WARNING:Xst:1710 - FF/Latch <pcreg/O_1> (without init value) has a constant value of 0 in block <datapath>. This FF/Latch will be trimmed during the optimization process.
WARNING:Xst:1895 - Due to other FF/Latch trimming, FF/Latch <pcreg/O_0> (without init value) has a constant value of 0 in block <datapath>. This FF/Latch will be trimmed during the optimization process.

Mapping all equations...
Building and optimizing final netlist ...
Found area constraint ratio of 100 (+ 5) on block datapath, actual ratio is 3.

Final Macro Processing ...

=========================================================================
Final Register Report

Macro Statistics
# Registers                                            : 1022
 Flip-Flops                                            : 1022

=========================================================================

=========================================================================
*                           Partition Report                            *
=========================================================================

Partition Implementation Status
-------------------------------

  No Partitions were found in this design.

-------------------------------

=========================================================================
*                            Design Summary                             *
=========================================================================

Top Level Output File Name         : datapath.ngc

Primitive and Black Box Usage:
------------------------------
# BELS                             : 1182
#      GND                         : 1
#      INV                         : 1
#      LUT1                        : 29
#      LUT2                        : 30
#      LUT3                        : 6
#      LUT4                        : 70
#      LUT5                        : 125
#      LUT6                        : 674
#      MUXCY                       : 89
#      MUXF7                       : 64
#      VCC                         : 1
#      XORCY                       : 92
# FlipFlops/Latches                : 1022
#      FDC                         : 30
#      FDE                         : 992
# Clock Buffers                    : 1
#      BUFGP                       : 1
# IO Buffers                       : 166
#      IBUF                        : 69
#      OBUF                        : 97

Device utilization summary:
---------------------------

Selected Device : 7a100tcsg324-3 


Slice Logic Utilization: 
 Number of Slice Registers:            1022  out of  126800     0%  
 Number of Slice LUTs:                  935  out of  63400     1%  
    Number used as Logic:               935  out of  63400     1%  

Slice Logic Distribution: 
 Number of LUT Flip Flop pairs used:   1858
   Number with an unused Flip Flop:     836  out of   1858    44%  
   Number with an unused LUT:           923  out of   1858    49%  
   Number of fully used LUT-FF pairs:    99  out of   1858     5%  
   Number of unique control sets:        32

IO Utilization: 
 Number of IOs:                         173
 Number of bonded IOBs:                 167  out of    210    79%  

Specific Feature Utilization:
 Number of BUFG/BUFGCTRL/BUFHCEs:         1  out of    128     0%  

---------------------------
Partition Resource Summary:
---------------------------

  No Partitions were found in this design.

---------------------------


=========================================================================
Timing Report

NOTE: THESE TIMING NUMBERS ARE ONLY A SYNTHESIS ESTIMATE.
      FOR ACCURATE TIMING INFORMATION PLEASE REFER TO THE TRACE REPORT
      GENERATED AFTER PLACE-and-ROUTE.

Clock Information:
------------------
-----------------------------------+------------------------+-------+
Clock Signal                       | Clock buffer(FF name)  | Load  |
-----------------------------------+------------------------+-------+
clk                                | BUFGP                  | 1022  |
-----------------------------------+------------------------+-------+

Asynchronous Control Signals Information:
----------------------------------------
No asynchronous control signals found in this design

Timing Summary:
---------------
Speed Grade: -3

   Minimum period: 4.259ns (Maximum Frequency: 234.819MHz)
   Minimum input arrival time before clock: 4.173ns
   Maximum output required time after clock: 5.934ns
   Maximum combinational path delay: 5.848ns

Timing Details:
---------------
All values displayed in nanoseconds (ns)

=========================================================================
Timing constraint: Default period analysis for Clock 'clk'
  Clock period: 4.259ns (frequency: 234.819MHz)
  Total number of paths / destination ports: 1656113 / 1022
-------------------------------------------------------------------------
Delay:               4.259ns (Levels of Logic = 37)
  Source:            rf/reg27/O_0 (FF)
  Destination:       rf/reg2/O_31 (FF)
  Source Clock:      clk rising
  Destination Clock: clk rising

  Data Path: rf/reg27/O_0 to rf/reg2/O_31
                                Gate     Net
    Cell:in->out      fanout   Delay   Delay  Logical Name (Net Name)
    ----------------------------------------  ------------
     FDE:C->Q              2   0.361   0.561  rf/reg27/O_0 (rf/reg27/O_0)
     LUT6:I2->O            1   0.097   0.556  rf/MUX1/Mmux_Z_14_o_I0[0]_MUX_2112_o_81 (rf/MUX1/Mmux_Z_14_o_I0[0]_MUX_2112_o_81)
     LUT6:I2->O            1   0.097   0.000  rf/MUX1/Mmux_Z_14_o_I0[0]_MUX_2112_o_3 (rf/MUX1/Mmux_Z_14_o_I0[0]_MUX_2112_o_3)
     MUXF7:I1->O           2   0.279   0.383  rf/MUX1/Mmux_Z_14_o_I0[0]_MUX_2112_o_2_f7 (data1<0>)
     LUT5:I3->O            1   0.097   0.000  alu32/Madd_s_Madd_lut<0> (alu32/Madd_s_Madd_lut<0>)
     MUXCY:S->O            1   0.353   0.000  alu32/Madd_s_Madd_cy<0> (alu32/Madd_s_Madd_cy<0>)
     MUXCY:CI->O           1   0.023   0.000  alu32/Madd_s_Madd_cy<1> (alu32/Madd_s_Madd_cy<1>)
     MUXCY:CI->O           1   0.023   0.000  alu32/Madd_s_Madd_cy<2> (alu32/Madd_s_Madd_cy<2>)
     MUXCY:CI->O           1   0.023   0.000  alu32/Madd_s_Madd_cy<3> (alu32/Madd_s_Madd_cy<3>)
     MUXCY:CI->O           1   0.023   0.000  alu32/Madd_s_Madd_cy<4> (alu32/Madd_s_Madd_cy<4>)
     MUXCY:CI->O           1   0.023   0.000  alu32/Madd_s_Madd_cy<5> (alu32/Madd_s_Madd_cy<5>)
     MUXCY:CI->O           1   0.023   0.000  alu32/Madd_s_Madd_cy<6> (alu32/Madd_s_Madd_cy<6>)
     MUXCY:CI->O           1   0.023   0.000  alu32/Madd_s_Madd_cy<7> (alu32/Madd_s_Madd_cy<7>)
     MUXCY:CI->O           1   0.023   0.000  alu32/Madd_s_Madd_cy<8> (alu32/Madd_s_Madd_cy<8>)
     MUXCY:CI->O           1   0.023   0.000  alu32/Madd_s_Madd_cy<9> (alu32/Madd_s_Madd_cy<9>)
     MUXCY:CI->O           1   0.023   0.000  alu32/Madd_s_Madd_cy<10> (alu32/Madd_s_Madd_cy<10>)
     MUXCY:CI->O           1   0.023   0.000  alu32/Madd_s_Madd_cy<11> (alu32/Madd_s_Madd_cy<11>)
     MUXCY:CI->O           1   0.023   0.000  alu32/Madd_s_Madd_cy<12> (alu32/Madd_s_Madd_cy<12>)
     MUXCY:CI->O           1   0.023   0.000  alu32/Madd_s_Madd_cy<13> (alu32/Madd_s_Madd_cy<13>)
     MUXCY:CI->O           1   0.023   0.000  alu32/Madd_s_Madd_cy<14> (alu32/Madd_s_Madd_cy<14>)
     MUXCY:CI->O           1   0.023   0.000  alu32/Madd_s_Madd_cy<15> (alu32/Madd_s_Madd_cy<15>)
     MUXCY:CI->O           1   0.023   0.000  alu32/Madd_s_Madd_cy<16> (alu32/Madd_s_Madd_cy<16>)
     MUXCY:CI->O           1   0.023   0.000  alu32/Madd_s_Madd_cy<17> (alu32/Madd_s_Madd_cy<17>)
     MUXCY:CI->O           1   0.023   0.000  alu32/Madd_s_Madd_cy<18> (alu32/Madd_s_Madd_cy<18>)
     MUXCY:CI->O           1   0.023   0.000  alu32/Madd_s_Madd_cy<19> (alu32/Madd_s_Madd_cy<19>)
     MUXCY:CI->O           1   0.023   0.000  alu32/Madd_s_Madd_cy<20> (alu32/Madd_s_Madd_cy<20>)
     MUXCY:CI->O           1   0.023   0.000  alu32/Madd_s_Madd_cy<21> (alu32/Madd_s_Madd_cy<21>)
     MUXCY:CI->O           1   0.023   0.000  alu32/Madd_s_Madd_cy<22> (alu32/Madd_s_Madd_cy<22>)
     MUXCY:CI->O           1   0.023   0.000  alu32/Madd_s_Madd_cy<23> (alu32/Madd_s_Madd_cy<23>)
     MUXCY:CI->O           1   0.023   0.000  alu32/Madd_s_Madd_cy<24> (alu32/Madd_s_Madd_cy<24>)
     MUXCY:CI->O           1   0.023   0.000  alu32/Madd_s_Madd_cy<25> (alu32/Madd_s_Madd_cy<25>)
     MUXCY:CI->O           1   0.023   0.000  alu32/Madd_s_Madd_cy<26> (alu32/Madd_s_Madd_cy<26>)
     MUXCY:CI->O           1   0.023   0.000  alu32/Madd_s_Madd_cy<27> (alu32/Madd_s_Madd_cy<27>)
     MUXCY:CI->O           1   0.023   0.000  alu32/Madd_s_Madd_cy<28> (alu32/Madd_s_Madd_cy<28>)
     MUXCY:CI->O           1   0.023   0.000  alu32/Madd_s_Madd_cy<29> (alu32/Madd_s_Madd_cy<29>)
     MUXCY:CI->O           0   0.023   0.000  alu32/Madd_s_Madd_cy<30> (alu32/Madd_s_Madd_cy<30>)
     XORCY:CI->O           4   0.370   0.309  alu32/Madd_s_Madd_xor<31> (alu32/s<31>)
     LUT6:I5->O           31   0.097   0.000  resmux/Mmux_y251 (srca<31>)
     FDE:D                     0.008          rf/reg2/O_31
    ----------------------------------------
    Total                      4.259ns (2.449ns logic, 1.810ns route)
                                       (57.5% logic, 42.5% route)

=========================================================================
Timing constraint: Default OFFSET IN BEFORE for Clock 'clk'
  Total number of paths / destination ports: 1193895 / 2044
-------------------------------------------------------------------------
Offset:              4.173ns (Levels of Logic = 38)
  Source:            instr<22> (PAD)
  Destination:       rf/reg2/O_31 (FF)
  Destination Clock: clk rising

  Data Path: instr<22> to rf/reg2/O_31
                                Gate     Net
    Cell:in->out      fanout   Delay   Delay  Logical Name (Net Name)
    ----------------------------------------  ------------
     IBUF:I->O           257   0.001   0.835  instr_22_IBUF (instr_22_IBUF)
     LUT6:I0->O            1   0.097   0.556  rf/MUX1/Mmux_Z_14_o_I0[0]_MUX_2112_o_81 (rf/MUX1/Mmux_Z_14_o_I0[0]_MUX_2112_o_81)
     LUT6:I2->O            1   0.097   0.000  rf/MUX1/Mmux_Z_14_o_I0[0]_MUX_2112_o_3 (rf/MUX1/Mmux_Z_14_o_I0[0]_MUX_2112_o_3)
     MUXF7:I1->O           2   0.279   0.383  rf/MUX1/Mmux_Z_14_o_I0[0]_MUX_2112_o_2_f7 (data1<0>)
     LUT5:I3->O            1   0.097   0.000  alu32/Madd_s_Madd_lut<0> (alu32/Madd_s_Madd_lut<0>)
     MUXCY:S->O            1   0.353   0.000  alu32/Madd_s_Madd_cy<0> (alu32/Madd_s_Madd_cy<0>)
     MUXCY:CI->O           1   0.023   0.000  alu32/Madd_s_Madd_cy<1> (alu32/Madd_s_Madd_cy<1>)
     MUXCY:CI->O           1   0.023   0.000  alu32/Madd_s_Madd_cy<2> (alu32/Madd_s_Madd_cy<2>)
     MUXCY:CI->O           1   0.023   0.000  alu32/Madd_s_Madd_cy<3> (alu32/Madd_s_Madd_cy<3>)
     MUXCY:CI->O           1   0.023   0.000  alu32/Madd_s_Madd_cy<4> (alu32/Madd_s_Madd_cy<4>)
     MUXCY:CI->O           1   0.023   0.000  alu32/Madd_s_Madd_cy<5> (alu32/Madd_s_Madd_cy<5>)
     MUXCY:CI->O           1   0.023   0.000  alu32/Madd_s_Madd_cy<6> (alu32/Madd_s_Madd_cy<6>)
     MUXCY:CI->O           1   0.023   0.000  alu32/Madd_s_Madd_cy<7> (alu32/Madd_s_Madd_cy<7>)
     MUXCY:CI->O           1   0.023   0.000  alu32/Madd_s_Madd_cy<8> (alu32/Madd_s_Madd_cy<8>)
     MUXCY:CI->O           1   0.023   0.000  alu32/Madd_s_Madd_cy<9> (alu32/Madd_s_Madd_cy<9>)
     MUXCY:CI->O           1   0.023   0.000  alu32/Madd_s_Madd_cy<10> (alu32/Madd_s_Madd_cy<10>)
     MUXCY:CI->O           1   0.023   0.000  alu32/Madd_s_Madd_cy<11> (alu32/Madd_s_Madd_cy<11>)
     MUXCY:CI->O           1   0.023   0.000  alu32/Madd_s_Madd_cy<12> (alu32/Madd_s_Madd_cy<12>)
     MUXCY:CI->O           1   0.023   0.000  alu32/Madd_s_Madd_cy<13> (alu32/Madd_s_Madd_cy<13>)
     MUXCY:CI->O           1   0.023   0.000  alu32/Madd_s_Madd_cy<14> (alu32/Madd_s_Madd_cy<14>)
     MUXCY:CI->O           1   0.023   0.000  alu32/Madd_s_Madd_cy<15> (alu32/Madd_s_Madd_cy<15>)
     MUXCY:CI->O           1   0.023   0.000  alu32/Madd_s_Madd_cy<16> (alu32/Madd_s_Madd_cy<16>)
     MUXCY:CI->O           1   0.023   0.000  alu32/Madd_s_Madd_cy<17> (alu32/Madd_s_Madd_cy<17>)
     MUXCY:CI->O           1   0.023   0.000  alu32/Madd_s_Madd_cy<18> (alu32/Madd_s_Madd_cy<18>)
     MUXCY:CI->O           1   0.023   0.000  alu32/Madd_s_Madd_cy<19> (alu32/Madd_s_Madd_cy<19>)
     MUXCY:CI->O           1   0.023   0.000  alu32/Madd_s_Madd_cy<20> (alu32/Madd_s_Madd_cy<20>)
     MUXCY:CI->O           1   0.023   0.000  alu32/Madd_s_Madd_cy<21> (alu32/Madd_s_Madd_cy<21>)
     MUXCY:CI->O           1   0.023   0.000  alu32/Madd_s_Madd_cy<22> (alu32/Madd_s_Madd_cy<22>)
     MUXCY:CI->O           1   0.023   0.000  alu32/Madd_s_Madd_cy<23> (alu32/Madd_s_Madd_cy<23>)
     MUXCY:CI->O           1   0.023   0.000  alu32/Madd_s_Madd_cy<24> (alu32/Madd_s_Madd_cy<24>)
     MUXCY:CI->O           1   0.023   0.000  alu32/Madd_s_Madd_cy<25> (alu32/Madd_s_Madd_cy<25>)
     MUXCY:CI->O           1   0.023   0.000  alu32/Madd_s_Madd_cy<26> (alu32/Madd_s_Madd_cy<26>)
     MUXCY:CI->O           1   0.023   0.000  alu32/Madd_s_Madd_cy<27> (alu32/Madd_s_Madd_cy<27>)
     MUXCY:CI->O           1   0.023   0.000  alu32/Madd_s_Madd_cy<28> (alu32/Madd_s_Madd_cy<28>)
     MUXCY:CI->O           1   0.023   0.000  alu32/Madd_s_Madd_cy<29> (alu32/Madd_s_Madd_cy<29>)
     MUXCY:CI->O           0   0.023   0.000  alu32/Madd_s_Madd_cy<30> (alu32/Madd_s_Madd_cy<30>)
     XORCY:CI->O           4   0.370   0.309  alu32/Madd_s_Madd_xor<31> (alu32/s<31>)
     LUT6:I5->O           31   0.097   0.000  resmux/Mmux_y251 (srca<31>)
     FDE:D                     0.008          rf/reg2/O_31
    ----------------------------------------
    Total                      4.173ns (2.089ns logic, 2.084ns route)
                                       (50.1% logic, 49.9% route)

=========================================================================
Timing constraint: Default OFFSET OUT AFTER for Clock 'clk'
  Total number of paths / destination ports: 107104 / 95
-------------------------------------------------------------------------
Offset:              5.934ns (Levels of Logic = 33)
  Source:            rf/reg27/O_0 (FF)
  Destination:       zero (PAD)
  Source Clock:      clk rising

  Data Path: rf/reg27/O_0 to zero
                                Gate     Net
    Cell:in->out      fanout   Delay   Delay  Logical Name (Net Name)
    ----------------------------------------  ------------
     FDE:C->Q              2   0.361   0.561  rf/reg27/O_0 (rf/reg27/O_0)
     LUT6:I2->O            1   0.097   0.556  rf/MUX1/Mmux_Z_14_o_I0[0]_MUX_2112_o_81 (rf/MUX1/Mmux_Z_14_o_I0[0]_MUX_2112_o_81)
     LUT6:I2->O            1   0.097   0.000  rf/MUX1/Mmux_Z_14_o_I0[0]_MUX_2112_o_3 (rf/MUX1/Mmux_Z_14_o_I0[0]_MUX_2112_o_3)
     MUXF7:I1->O           2   0.279   0.383  rf/MUX1/Mmux_Z_14_o_I0[0]_MUX_2112_o_2_f7 (data1<0>)
     LUT5:I3->O            1   0.097   0.000  alu32/Madd_s_Madd_lut<0> (alu32/Madd_s_Madd_lut<0>)
     MUXCY:S->O            1   0.353   0.000  alu32/Madd_s_Madd_cy<0> (alu32/Madd_s_Madd_cy<0>)
     MUXCY:CI->O           1   0.023   0.000  alu32/Madd_s_Madd_cy<1> (alu32/Madd_s_Madd_cy<1>)
     MUXCY:CI->O           1   0.023   0.000  alu32/Madd_s_Madd_cy<2> (alu32/Madd_s_Madd_cy<2>)
     MUXCY:CI->O           1   0.023   0.000  alu32/Madd_s_Madd_cy<3> (alu32/Madd_s_Madd_cy<3>)
     MUXCY:CI->O           1   0.023   0.000  alu32/Madd_s_Madd_cy<4> (alu32/Madd_s_Madd_cy<4>)
     MUXCY:CI->O           1   0.023   0.000  alu32/Madd_s_Madd_cy<5> (alu32/Madd_s_Madd_cy<5>)
     MUXCY:CI->O           1   0.023   0.000  alu32/Madd_s_Madd_cy<6> (alu32/Madd_s_Madd_cy<6>)
     MUXCY:CI->O           1   0.023   0.000  alu32/Madd_s_Madd_cy<7> (alu32/Madd_s_Madd_cy<7>)
     MUXCY:CI->O           1   0.023   0.000  alu32/Madd_s_Madd_cy<8> (alu32/Madd_s_Madd_cy<8>)
     MUXCY:CI->O           1   0.023   0.000  alu32/Madd_s_Madd_cy<9> (alu32/Madd_s_Madd_cy<9>)
     MUXCY:CI->O           1   0.023   0.000  alu32/Madd_s_Madd_cy<10> (alu32/Madd_s_Madd_cy<10>)
     MUXCY:CI->O           1   0.023   0.000  alu32/Madd_s_Madd_cy<11> (alu32/Madd_s_Madd_cy<11>)
     MUXCY:CI->O           1   0.023   0.000  alu32/Madd_s_Madd_cy<12> (alu32/Madd_s_Madd_cy<12>)
     MUXCY:CI->O           1   0.023   0.000  alu32/Madd_s_Madd_cy<13> (alu32/Madd_s_Madd_cy<13>)
     MUXCY:CI->O           1   0.023   0.000  alu32/Madd_s_Madd_cy<14> (alu32/Madd_s_Madd_cy<14>)
     MUXCY:CI->O           1   0.023   0.000  alu32/Madd_s_Madd_cy<15> (alu32/Madd_s_Madd_cy<15>)
     MUXCY:CI->O           1   0.023   0.000  alu32/Madd_s_Madd_cy<16> (alu32/Madd_s_Madd_cy<16>)
     MUXCY:CI->O           1   0.023   0.000  alu32/Madd_s_Madd_cy<17> (alu32/Madd_s_Madd_cy<17>)
     MUXCY:CI->O           1   0.023   0.000  alu32/Madd_s_Madd_cy<18> (alu32/Madd_s_Madd_cy<18>)
     MUXCY:CI->O           1   0.023   0.000  alu32/Madd_s_Madd_cy<19> (alu32/Madd_s_Madd_cy<19>)
     MUXCY:CI->O           1   0.023   0.000  alu32/Madd_s_Madd_cy<20> (alu32/Madd_s_Madd_cy<20>)
     MUXCY:CI->O           1   0.023   0.000  alu32/Madd_s_Madd_cy<21> (alu32/Madd_s_Madd_cy<21>)
     MUXCY:CI->O           1   0.023   0.000  alu32/Madd_s_Madd_cy<22> (alu32/Madd_s_Madd_cy<22>)
     MUXCY:CI->O           1   0.023   0.000  alu32/Madd_s_Madd_cy<23> (alu32/Madd_s_Madd_cy<23>)
     XORCY:CI->O           2   0.370   0.299  alu32/Madd_s_Madd_xor<24> (alu32/s<24>)
     LUT6:I5->O            2   0.097   0.697  alu32/Mmux_dataout171 (aluout_24_OBUF)
     LUT6:I0->O            1   0.097   0.683  alu32/zflag<31>5 (alu32/zflag<31>4)
     LUT6:I1->O            1   0.097   0.279  alu32/zflag<31>7 (zero_OBUF)
     OBUF:I->O                 0.000          zero_OBUF (zero)
    ----------------------------------------
    Total                      5.934ns (2.474ns logic, 3.460ns route)
                                       (41.7% logic, 58.3% route)

=========================================================================
Timing constraint: Default path analysis
  Total number of paths / destination ports: 76346 / 65
-------------------------------------------------------------------------
Delay:               5.848ns (Levels of Logic = 34)
  Source:            instr<22> (PAD)
  Destination:       zero (PAD)

  Data Path: instr<22> to zero
                                Gate     Net
    Cell:in->out      fanout   Delay   Delay  Logical Name (Net Name)
    ----------------------------------------  ------------
     IBUF:I->O           257   0.001   0.835  instr_22_IBUF (instr_22_IBUF)
     LUT6:I0->O            1   0.097   0.556  rf/MUX1/Mmux_Z_14_o_I0[0]_MUX_2112_o_81 (rf/MUX1/Mmux_Z_14_o_I0[0]_MUX_2112_o_81)
     LUT6:I2->O            1   0.097   0.000  rf/MUX1/Mmux_Z_14_o_I0[0]_MUX_2112_o_3 (rf/MUX1/Mmux_Z_14_o_I0[0]_MUX_2112_o_3)
     MUXF7:I1->O           2   0.279   0.383  rf/MUX1/Mmux_Z_14_o_I0[0]_MUX_2112_o_2_f7 (data1<0>)
     LUT5:I3->O            1   0.097   0.000  alu32/Madd_s_Madd_lut<0> (alu32/Madd_s_Madd_lut<0>)
     MUXCY:S->O            1   0.353   0.000  alu32/Madd_s_Madd_cy<0> (alu32/Madd_s_Madd_cy<0>)
     MUXCY:CI->O           1   0.023   0.000  alu32/Madd_s_Madd_cy<1> (alu32/Madd_s_Madd_cy<1>)
     MUXCY:CI->O           1   0.023   0.000  alu32/Madd_s_Madd_cy<2> (alu32/Madd_s_Madd_cy<2>)
     MUXCY:CI->O           1   0.023   0.000  alu32/Madd_s_Madd_cy<3> (alu32/Madd_s_Madd_cy<3>)
     MUXCY:CI->O           1   0.023   0.000  alu32/Madd_s_Madd_cy<4> (alu32/Madd_s_Madd_cy<4>)
     MUXCY:CI->O           1   0.023   0.000  alu32/Madd_s_Madd_cy<5> (alu32/Madd_s_Madd_cy<5>)
     MUXCY:CI->O           1   0.023   0.000  alu32/Madd_s_Madd_cy<6> (alu32/Madd_s_Madd_cy<6>)
     MUXCY:CI->O           1   0.023   0.000  alu32/Madd_s_Madd_cy<7> (alu32/Madd_s_Madd_cy<7>)
     MUXCY:CI->O           1   0.023   0.000  alu32/Madd_s_Madd_cy<8> (alu32/Madd_s_Madd_cy<8>)
     MUXCY:CI->O           1   0.023   0.000  alu32/Madd_s_Madd_cy<9> (alu32/Madd_s_Madd_cy<9>)
     MUXCY:CI->O           1   0.023   0.000  alu32/Madd_s_Madd_cy<10> (alu32/Madd_s_Madd_cy<10>)
     MUXCY:CI->O           1   0.023   0.000  alu32/Madd_s_Madd_cy<11> (alu32/Madd_s_Madd_cy<11>)
     MUXCY:CI->O           1   0.023   0.000  alu32/Madd_s_Madd_cy<12> (alu32/Madd_s_Madd_cy<12>)
     MUXCY:CI->O           1   0.023   0.000  alu32/Madd_s_Madd_cy<13> (alu32/Madd_s_Madd_cy<13>)
     MUXCY:CI->O           1   0.023   0.000  alu32/Madd_s_Madd_cy<14> (alu32/Madd_s_Madd_cy<14>)
     MUXCY:CI->O           1   0.023   0.000  alu32/Madd_s_Madd_cy<15> (alu32/Madd_s_Madd_cy<15>)
     MUXCY:CI->O           1   0.023   0.000  alu32/Madd_s_Madd_cy<16> (alu32/Madd_s_Madd_cy<16>)
     MUXCY:CI->O           1   0.023   0.000  alu32/Madd_s_Madd_cy<17> (alu32/Madd_s_Madd_cy<17>)
     MUXCY:CI->O           1   0.023   0.000  alu32/Madd_s_Madd_cy<18> (alu32/Madd_s_Madd_cy<18>)
     MUXCY:CI->O           1   0.023   0.000  alu32/Madd_s_Madd_cy<19> (alu32/Madd_s_Madd_cy<19>)
     MUXCY:CI->O           1   0.023   0.000  alu32/Madd_s_Madd_cy<20> (alu32/Madd_s_Madd_cy<20>)
     MUXCY:CI->O           1   0.023   0.000  alu32/Madd_s_Madd_cy<21> (alu32/Madd_s_Madd_cy<21>)
     MUXCY:CI->O           1   0.023   0.000  alu32/Madd_s_Madd_cy<22> (alu32/Madd_s_Madd_cy<22>)
     MUXCY:CI->O           1   0.023   0.000  alu32/Madd_s_Madd_cy<23> (alu32/Madd_s_Madd_cy<23>)
     XORCY:CI->O           2   0.370   0.299  alu32/Madd_s_Madd_xor<24> (alu32/s<24>)
     LUT6:I5->O            2   0.097   0.697  alu32/Mmux_dataout171 (aluout_24_OBUF)
     LUT6:I0->O            1   0.097   0.683  alu32/zflag<31>5 (alu32/zflag<31>4)
     LUT6:I1->O            1   0.097   0.279  alu32/zflag<31>7 (zero_OBUF)
     OBUF:I->O                 0.000          zero_OBUF (zero)
    ----------------------------------------
    Total                      5.848ns (2.114ns logic, 3.734ns route)
                                       (36.1% logic, 63.9% route)

=========================================================================

Cross Clock Domains Report:
--------------------------

Clock to Setup on destination clock clk
---------------+---------+---------+---------+---------+
               | Src:Rise| Src:Fall| Src:Rise| Src:Fall|
Source Clock   |Dest:Rise|Dest:Rise|Dest:Fall|Dest:Fall|
---------------+---------+---------+---------+---------+
clk            |    4.259|         |         |         |
---------------+---------+---------+---------+---------+

=========================================================================


Total REAL time to Xst completion: 18.00 secs
Total CPU time to Xst completion: 17.61 secs
 
--> 

Total memory usage is 4618516 kilobytes

Number of errors   :    0 (   0 filtered)
Number of warnings :    6 (   0 filtered)
Number of infos    :    0 (   0 filtered)

