Release 14.5 - xst P.58f (nt64)
Copyright (c) 1995-2012 Xilinx, Inc.  All rights reserved.
--> Parameter TMPDIR set to xst/projnav.tmp


Total REAL time to Xst completion: 0.00 secs
Total CPU time to Xst completion: 0.09 secs
 
--> Parameter xsthdpdir set to xst


Total REAL time to Xst completion: 0.00 secs
Total CPU time to Xst completion: 0.09 secs
 
--> Reading design: mips.prj

TABLE OF CONTENTS
  1) Synthesis Options Summary
  2) HDL Parsing
  3) HDL Elaboration
  4) HDL Synthesis
       4.1) HDL Synthesis Report
  5) Advanced HDL Synthesis
       5.1) Advanced HDL Synthesis Report
  6) Low Level Synthesis
  7) Partition Report
  8) Design Summary
       8.1) Primitive and Black Box Usage
       8.2) Device utilization summary
       8.3) Partition Resource Summary
       8.4) Timing Report
            8.4.1) Clock Information
            8.4.2) Asynchronous Control Signals Information
            8.4.3) Timing Summary
            8.4.4) Timing Details
            8.4.5) Cross Clock Domains Report


=========================================================================
*                      Synthesis Options Summary                        *
=========================================================================
---- Source Parameters
Input File Name                    : "mips.prj"
Ignore Synthesis Constraint File   : NO

---- Target Parameters
Output File Name                   : "mips"
Output Format                      : NGC
Target Device                      : xc7a100t-3-csg324

---- Source Options
Top Module Name                    : mips
Automatic FSM Extraction           : YES
FSM Encoding Algorithm             : Auto
Safe Implementation                : No
FSM Style                          : LUT
RAM Extraction                     : Yes
RAM Style                          : Auto
ROM Extraction                     : Yes
Shift Register Extraction          : YES
ROM Style                          : Auto
Resource Sharing                   : YES
Asynchronous To Synchronous        : NO
Shift Register Minimum Size        : 2
Use DSP Block                      : Auto
Automatic Register Balancing       : No

---- Target Options
LUT Combining                      : Auto
Reduce Control Sets                : Auto
Add IO Buffers                     : YES
Global Maximum Fanout              : 100000
Add Generic Clock Buffer(BUFG)     : 32
Register Duplication               : YES
Optimize Instantiated Primitives   : NO
Use Clock Enable                   : Auto
Use Synchronous Set                : Auto
Use Synchronous Reset              : Auto
Pack IO Registers into IOBs        : Auto
Equivalent register Removal        : YES

---- General Options
Optimization Goal                  : Speed
Optimization Effort                : 1
Power Reduction                    : NO
Keep Hierarchy                     : No
Netlist Hierarchy                  : As_Optimized
RTL Output                         : Yes
Global Optimization                : AllClockNets
Read Cores                         : YES
Write Timing Constraints           : NO
Cross Clock Analysis               : NO
Hierarchy Separator                : /
Bus Delimiter                      : <>
Case Specifier                     : Maintain
Slice Utilization Ratio            : 100
BRAM Utilization Ratio             : 100
DSP48 Utilization Ratio            : 100
Auto BRAM Packing                  : NO
Slice Utilization Ratio Delta      : 5

=========================================================================


=========================================================================
*                          HDL Parsing                                  *
=========================================================================
Parsing VHDL file "E:\ise_xline_labs\PHASE1FINAL\MYREGISTER.vhd" into library work
Parsing entity <MYREGISTER>.
Parsing architecture <Behavioral> of entity <myregister>.
Parsing VHDL file "E:\ise_xline_labs\PHASE1FINAL\MYPACK.vhd" into library work
Parsing package <MYPACK>.
Parsing VHDL file "E:\ise_xline_labs\PHASE1FINAL\MUX.vhd" into library work
Parsing entity <MUX>.
Parsing architecture <Behavioral> of entity <mux>.
Parsing VHDL file "E:\ise_xline_labs\PHASE1FINAL\DECODER.vhd" into library work
Parsing entity <DECODER>.
Parsing architecture <Behavioral> of entity <decoder>.
Parsing VHDL file "E:\ise_xline_labs\PHASE1FINAL\signextened.vhd" into library work
Parsing entity <signextened>.
Parsing architecture <Behavioral> of entity <signextened>.
Parsing VHDL file "E:\ise_xline_labs\PHASE1FINAL\shiftleft2.vhd" into library work
Parsing entity <shiftleft2>.
Parsing architecture <Behavioral> of entity <shiftleft2>.
Parsing VHDL file "E:\ise_xline_labs\PHASE1FINAL\REGISTERFILE.vhd" into library work
Parsing entity <REGISTERFILE>.
Parsing architecture <Behavioral> of entity <registerfile>.
Parsing VHDL file "E:\ise_xline_labs\PHASE1FINAL\Mux2.vhd" into library work
Parsing entity <mux2>.
Parsing architecture <MuxArch> of entity <mux2>.
Parsing VHDL file "E:\ise_xline_labs\PHASE1FINAL\maincontrol.vhd" into library work
Parsing entity <maincontrol>.
Parsing architecture <Behavioral> of entity <maincontrol>.
Parsing VHDL file "E:\ise_xline_labs\PHASE1FINAL\datapathpack.vhd" into library work
Parsing package <datapathpack>.
Parsing package body <datapathpack>.
Parsing VHDL file "E:\ise_xline_labs\PHASE1FINAL\controlpack.vhd" into library work
Parsing package <controlpack>.
Parsing package body <controlpack>.
Parsing VHDL file "E:\ise_xline_labs\PHASE1FINAL\alucontrol.vhd" into library work
Parsing entity <alucontrol>.
Parsing architecture <Behavioral> of entity <alucontrol>.
Parsing VHDL file "E:\ise_xline_labs\PHASE1FINAL\ALU.vhd" into library work
Parsing entity <ALU>.
Parsing architecture <Behavioral> of entity <alu>.
Parsing VHDL file "E:\ise_xline_labs\PHASE1FINAL\adder.vhd" into library work
Parsing entity <adder>.
Parsing architecture <Behavioral> of entity <adder>.
Parsing VHDL file "E:\ise_xline_labs\PHASE1FINAL\mipspack.vhd" into library work
Parsing package <mipspack>.
Parsing package body <mipspack>.
Parsing VHDL file "E:\ise_xline_labs\PHASE1FINAL\datapath.vhd" into library work
Parsing entity <datapath>.
Parsing architecture <Behavioral> of entity <datapath>.
Parsing VHDL file "E:\ise_xline_labs\PHASE1FINAL\controller.vhd" into library work
Parsing entity <controller>.
Parsing architecture <struct> of entity <controller>.
Parsing VHDL file "E:\ise_xline_labs\PHASE1FINAL\mips.vhd" into library work
Parsing entity <mips>.
Parsing architecture <Behavioral> of entity <mips>.

=========================================================================
*                            HDL Elaboration                            *
=========================================================================

Elaborating entity <mips> (architecture <Behavioral>) from library <work>.

Elaborating entity <controller> (architecture <struct>) from library <work>.

Elaborating entity <maincontrol> (architecture <Behavioral>) from library <work>.

Elaborating entity <alucontrol> (architecture <Behavioral>) from library <work>.

Elaborating entity <datapath> (architecture <Behavioral>) from library <work>.

Elaborating entity <MYREGISTER> (architecture <Behavioral>) from library <work>.

Elaborating entity <adder> (architecture <Behavioral>) from library <work>.

Elaborating entity <shiftleft2> (architecture <Behavioral>) from library <work>.

Elaborating entity <mux2> (architecture <MuxArch>) with generics from library <work>.

Elaborating entity <REGISTERFILE> (architecture <Behavioral>) from library <work>.

Elaborating entity <DECODER> (architecture <Behavioral>) from library <work>.
INFO:HDLCompiler:679 - "E:\ise_xline_labs\PHASE1FINAL\DECODER.vhd" Line 81. Case statement is complete. others clause is never selected

Elaborating entity <MUX> (architecture <Behavioral>) from library <work>.

Elaborating entity <mux2> (architecture <MuxArch>) with generics from library <work>.

Elaborating entity <signextened> (architecture <Behavioral>) from library <work>.

Elaborating entity <ALU> (architecture <Behavioral>) from library <work>.
WARNING:HDLCompiler:634 - "E:\ise_xline_labs\PHASE1FINAL\datapath.vhd" Line 51: Net <pcjump[31]> does not have a driver.
WARNING:HDLCompiler:634 - "E:\ise_xline_labs\PHASE1FINAL\datapath.vhd" Line 54: Net <jump> does not have a driver.

=========================================================================
*                           HDL Synthesis                               *
=========================================================================

Synthesizing Unit <mips>.
    Related source file is "E:\ise_xline_labs\PHASE1FINAL\mips.vhd".
INFO:Xst:3210 - "E:\ise_xline_labs\PHASE1FINAL\mips.vhd" line 50: Output port <jump> of the instance <ctrl> is unconnected or connected to loadless signal.
    Summary:
	no macro.
Unit <mips> synthesized.

Synthesizing Unit <controller>.
    Related source file is "E:\ise_xline_labs\PHASE1FINAL\controller.vhd".
    Summary:
	no macro.
Unit <controller> synthesized.

Synthesizing Unit <maincontrol>.
    Related source file is "E:\ise_xline_labs\PHASE1FINAL\maincontrol.vhd".
    Summary:
	no macro.
Unit <maincontrol> synthesized.

Synthesizing Unit <alucontrol>.
    Related source file is "E:\ise_xline_labs\PHASE1FINAL\alucontrol.vhd".
    Summary:
	no macro.
Unit <alucontrol> synthesized.

Synthesizing Unit <datapath>.
    Related source file is "E:\ise_xline_labs\PHASE1FINAL\datapath.vhd".
WARNING:Xst:647 - Input <instr<31:26>> is never used. This port will be preserved and left unconnected if it belongs to a top-level block or it belongs to a sub-block and the hierarchy of this sub-block is preserved.
WARNING:Xst:653 - Signal <pcjump> is used but never assigned. This sourceless signal will be automatically connected to value GND.
WARNING:Xst:653 - Signal <jump> is used but never assigned. This sourceless signal will be automatically connected to value GND.
    Summary:
	no macro.
Unit <datapath> synthesized.

Synthesizing Unit <MYREGISTER>.
    Related source file is "E:\ise_xline_labs\PHASE1FINAL\MYREGISTER.vhd".
    Found 32-bit register for signal <O>.
    Summary:
	inferred  32 D-type flip-flop(s).
Unit <MYREGISTER> synthesized.

Synthesizing Unit <adder>.
    Related source file is "E:\ise_xline_labs\PHASE1FINAL\adder.vhd".
    Found 32-bit adder for signal <y> created at line 43.
    Summary:
	inferred   1 Adder/Subtractor(s).
Unit <adder> synthesized.

Synthesizing Unit <shiftleft2>.
    Related source file is "E:\ise_xline_labs\PHASE1FINAL\shiftleft2.vhd".
WARNING:Xst:647 - Input <I<31:30>> is never used. This port will be preserved and left unconnected if it belongs to a top-level block or it belongs to a sub-block and the hierarchy of this sub-block is preserved.
    Summary:
	no macro.
Unit <shiftleft2> synthesized.

Synthesizing Unit <mux2_1>.
    Related source file is "E:\ise_xline_labs\PHASE1FINAL\Mux2.vhd".
        width = 32
    Summary:
	inferred   1 Multiplexer(s).
Unit <mux2_1> synthesized.

Synthesizing Unit <REGISTERFILE>.
    Related source file is "E:\ise_xline_labs\PHASE1FINAL\REGISTERFILE.vhd".
    Summary:
	no macro.
Unit <REGISTERFILE> synthesized.

Synthesizing Unit <DECODER>.
    Related source file is "E:\ise_xline_labs\PHASE1FINAL\DECODER.vhd".
WARNING:Xst:647 - Input <enable> is never used. This port will be preserved and left unconnected if it belongs to a top-level block or it belongs to a sub-block and the hierarchy of this sub-block is preserved.
    Found 32x32-bit Read Only RAM for signal <Output>
    Summary:
	inferred   1 RAM(s).
Unit <DECODER> synthesized.

Synthesizing Unit <MUX>.
    Related source file is "E:\ise_xline_labs\PHASE1FINAL\MUX.vhd".
    Found 1-bit 32-to-1 multiplexer for signal <Z_20_o_I0[31]_MUX_98_o> created at line 43.
    Found 1-bit 32-to-1 multiplexer for signal <Z_20_o_I0[30]_MUX_130_o> created at line 43.
    Found 1-bit 32-to-1 multiplexer for signal <Z_20_o_I0[29]_MUX_162_o> created at line 43.
    Found 1-bit 32-to-1 multiplexer for signal <Z_20_o_I0[28]_MUX_194_o> created at line 43.
    Found 1-bit 32-to-1 multiplexer for signal <Z_20_o_I0[27]_MUX_226_o> created at line 43.
    Found 1-bit 32-to-1 multiplexer for signal <Z_20_o_I0[26]_MUX_258_o> created at line 43.
    Found 1-bit 32-to-1 multiplexer for signal <Z_20_o_I0[25]_MUX_290_o> created at line 43.
    Found 1-bit 32-to-1 multiplexer for signal <Z_20_o_I0[24]_MUX_322_o> created at line 43.
    Found 1-bit 32-to-1 multiplexer for signal <Z_20_o_I0[23]_MUX_354_o> created at line 43.
    Found 1-bit 32-to-1 multiplexer for signal <Z_20_o_I0[22]_MUX_386_o> created at line 43.
    Found 1-bit 32-to-1 multiplexer for signal <Z_20_o_I0[21]_MUX_418_o> created at line 43.
    Found 1-bit 32-to-1 multiplexer for signal <Z_20_o_I0[20]_MUX_450_o> created at line 43.
    Found 1-bit 32-to-1 multiplexer for signal <Z_20_o_I0[19]_MUX_482_o> created at line 43.
    Found 1-bit 32-to-1 multiplexer for signal <Z_20_o_I0[18]_MUX_514_o> created at line 43.
    Found 1-bit 32-to-1 multiplexer for signal <Z_20_o_I0[17]_MUX_546_o> created at line 43.
    Found 1-bit 32-to-1 multiplexer for signal <Z_20_o_I0[16]_MUX_578_o> created at line 43.
    Found 1-bit 32-to-1 multiplexer for signal <Z_20_o_I0[15]_MUX_610_o> created at line 43.
    Found 1-bit 32-to-1 multiplexer for signal <Z_20_o_I0[14]_MUX_642_o> created at line 43.
    Found 1-bit 32-to-1 multiplexer for signal <Z_20_o_I0[13]_MUX_674_o> created at line 43.
    Found 1-bit 32-to-1 multiplexer for signal <Z_20_o_I0[12]_MUX_706_o> created at line 43.
    Found 1-bit 32-to-1 multiplexer for signal <Z_20_o_I0[11]_MUX_738_o> created at line 43.
    Found 1-bit 32-to-1 multiplexer for signal <Z_20_o_I0[10]_MUX_770_o> created at line 43.
    Found 1-bit 32-to-1 multiplexer for signal <Z_20_o_I0[9]_MUX_802_o> created at line 43.
    Found 1-bit 32-to-1 multiplexer for signal <Z_20_o_I0[8]_MUX_834_o> created at line 43.
    Found 1-bit 32-to-1 multiplexer for signal <Z_20_o_I0[7]_MUX_866_o> created at line 43.
    Found 1-bit 32-to-1 multiplexer for signal <Z_20_o_I0[6]_MUX_898_o> created at line 43.
    Found 1-bit 32-to-1 multiplexer for signal <Z_20_o_I0[5]_MUX_930_o> created at line 43.
    Found 1-bit 32-to-1 multiplexer for signal <Z_20_o_I0[4]_MUX_962_o> created at line 43.
    Found 1-bit 32-to-1 multiplexer for signal <Z_20_o_I0[3]_MUX_994_o> created at line 43.
    Found 1-bit 32-to-1 multiplexer for signal <Z_20_o_I0[2]_MUX_1026_o> created at line 43.
    Found 1-bit 32-to-1 multiplexer for signal <Z_20_o_I0[1]_MUX_1058_o> created at line 43.
    Found 1-bit 32-to-1 multiplexer for signal <Z_20_o_I0[0]_MUX_1090_o> created at line 43.
    Found 1-bit tristate buffer for signal <O<31>> created at line 43
    Found 1-bit tristate buffer for signal <O<30>> created at line 43
    Found 1-bit tristate buffer for signal <O<29>> created at line 43
    Found 1-bit tristate buffer for signal <O<28>> created at line 43
    Found 1-bit tristate buffer for signal <O<27>> created at line 43
    Found 1-bit tristate buffer for signal <O<26>> created at line 43
    Found 1-bit tristate buffer for signal <O<25>> created at line 43
    Found 1-bit tristate buffer for signal <O<24>> created at line 43
    Found 1-bit tristate buffer for signal <O<23>> created at line 43
    Found 1-bit tristate buffer for signal <O<22>> created at line 43
    Found 1-bit tristate buffer for signal <O<21>> created at line 43
    Found 1-bit tristate buffer for signal <O<20>> created at line 43
    Found 1-bit tristate buffer for signal <O<19>> created at line 43
    Found 1-bit tristate buffer for signal <O<18>> created at line 43
    Found 1-bit tristate buffer for signal <O<17>> created at line 43
    Found 1-bit tristate buffer for signal <O<16>> created at line 43
    Found 1-bit tristate buffer for signal <O<15>> created at line 43
    Found 1-bit tristate buffer for signal <O<14>> created at line 43
    Found 1-bit tristate buffer for signal <O<13>> created at line 43
    Found 1-bit tristate buffer for signal <O<12>> created at line 43
    Found 1-bit tristate buffer for signal <O<11>> created at line 43
    Found 1-bit tristate buffer for signal <O<10>> created at line 43
    Found 1-bit tristate buffer for signal <O<9>> created at line 43
    Found 1-bit tristate buffer for signal <O<8>> created at line 43
    Found 1-bit tristate buffer for signal <O<7>> created at line 43
    Found 1-bit tristate buffer for signal <O<6>> created at line 43
    Found 1-bit tristate buffer for signal <O<5>> created at line 43
    Found 1-bit tristate buffer for signal <O<4>> created at line 43
    Found 1-bit tristate buffer for signal <O<3>> created at line 43
    Found 1-bit tristate buffer for signal <O<2>> created at line 43
    Found 1-bit tristate buffer for signal <O<1>> created at line 43
    Found 1-bit tristate buffer for signal <O<0>> created at line 43
    Summary:
	inferred  32 Multiplexer(s).
	inferred  32 Tristate(s).
Unit <MUX> synthesized.

Synthesizing Unit <mux2_2>.
    Related source file is "E:\ise_xline_labs\PHASE1FINAL\Mux2.vhd".
        width = 5
    Summary:
	inferred   1 Multiplexer(s).
Unit <mux2_2> synthesized.

Synthesizing Unit <signextened>.
    Related source file is "E:\ise_xline_labs\PHASE1FINAL\signextened.vhd".
    Summary:
	no macro.
Unit <signextened> synthesized.

Synthesizing Unit <ALU>.
    Related source file is "E:\ise_xline_labs\PHASE1FINAL\ALU.vhd".
    Found 32-bit adder for signal <data1[31]_data2[31]_add_5_OUT> created at line 57.
    Found 32-bit subtractor for signal <GND_118_o_GND_118_o_sub_8_OUT<31:0>> created at line 59.
    Found 32-bit comparator greater for signal <data1[31]_data2[31]_LessThan_13_o> created at line 63
    Summary:
	inferred   1 Adder/Subtractor(s).
	inferred   1 Comparator(s).
	inferred  15 Multiplexer(s).
Unit <ALU> synthesized.

=========================================================================
HDL Synthesis Report

Macro Statistics
# RAMs                                                 : 1
 32x32-bit single-port Read Only RAM                   : 1
# Adders/Subtractors                                   : 3
 32-bit adder                                          : 2
 32-bit addsub                                         : 1
# Registers                                            : 33
 32-bit register                                       : 33
# Comparators                                          : 1
 32-bit comparator greater                             : 1
# Multiplexers                                         : 84
 1-bit 32-to-1 multiplexer                             : 64
 32-bit 2-to-1 multiplexer                             : 19
 5-bit 2-to-1 multiplexer                              : 1
# Tristates                                            : 64
 1-bit tristate buffer                                 : 64

=========================================================================
INFO:Xst:1767 - HDL ADVISOR - Resource sharing has identified that some arithmetic operations in this design can share the same physical resources for reduced device utilization. For improved clock frequency you may try to disable resource sharing.

=========================================================================
*                       Advanced HDL Synthesis                          *
=========================================================================


Synthesizing (advanced) Unit <DECODER>.
INFO:Xst:3218 - HDL ADVISOR - The RAM <Mram_Output> will be implemented on LUTs either because you have described an asynchronous read or because of currently unsupported block RAM features. If you have described an asynchronous read, making it synchronous would allow you to take advantage of available block RAM resources, for optimized device usage and improved timings. Please refer to your documentation for coding guidelines.
    -----------------------------------------------------------------------
    | ram_type           | Distributed                         |          |
    -----------------------------------------------------------------------
    | Port A                                                              |
    |     aspect ratio   | 32-word x 32-bit                    |          |
    |     weA            | connected to signal <GND>           | high     |
    |     addrA          | connected to signal <Input>         |          |
    |     diA            | connected to signal <GND>           |          |
    |     doA            | connected to signal <Output>        |          |
    -----------------------------------------------------------------------
Unit <DECODER> synthesized (advanced).

=========================================================================
Advanced HDL Synthesis Report

Macro Statistics
# RAMs                                                 : 1
 32x32-bit single-port distributed Read Only RAM       : 1
# Adders/Subtractors                                   : 3
 32-bit adder                                          : 2
 32-bit addsub                                         : 1
# Registers                                            : 1056
 Flip-Flops                                            : 1056
# Comparators                                          : 1
 32-bit comparator greater                             : 1
# Multiplexers                                         : 84
 1-bit 32-to-1 multiplexer                             : 64
 32-bit 2-to-1 multiplexer                             : 19
 5-bit 2-to-1 multiplexer                              : 1

=========================================================================

=========================================================================
*                         Low Level Synthesis                           *
=========================================================================
WARNING:Xst:2042 - Unit mips: 64 internal tristates are replaced by logic (pull-up yes): N10, N11, N12, N13, N14, N15, N16, N17, N18, N19, N2, N20, N21, N22, N23, N24, N25, N26, N27, N28, N29, N3, N30, N31, N32, N33, N4, N5, N6, N7, N8, N9, dpath/srca<0>, dpath/srca<10>, dpath/srca<11>, dpath/srca<12>, dpath/srca<13>, dpath/srca<14>, dpath/srca<15>, dpath/srca<16>, dpath/srca<17>, dpath/srca<18>, dpath/srca<19>, dpath/srca<1>, dpath/srca<20>, dpath/srca<21>, dpath/srca<22>, dpath/srca<23>, dpath/srca<24>, dpath/srca<25>, dpath/srca<26>, dpath/srca<27>, dpath/srca<28>, dpath/srca<29>, dpath/srca<2>, dpath/srca<30>, dpath/srca<31>, dpath/srca<3>, dpath/srca<4>, dpath/srca<5>, dpath/srca<6>, dpath/srca<7>, dpath/srca<8>, dpath/srca<9>.

Optimizing unit <MYREGISTER> ...

Optimizing unit <mips> ...

Optimizing unit <ALU> ...
WARNING:Xst:1710 - FF/Latch <dpath/pcreg/O_1> (without init value) has a constant value of 0 in block <mips>. This FF/Latch will be trimmed during the optimization process.
WARNING:Xst:1895 - Due to other FF/Latch trimming, FF/Latch <dpath/pcreg/O_0> (without init value) has a constant value of 0 in block <mips>. This FF/Latch will be trimmed during the optimization process.

Mapping all equations...
Building and optimizing final netlist ...
Found area constraint ratio of 100 (+ 5) on block mips, actual ratio is 3.

Final Macro Processing ...

=========================================================================
Final Register Report

Macro Statistics
# Registers                                            : 1054
 Flip-Flops                                            : 1054

=========================================================================

=========================================================================
*                           Partition Report                            *
=========================================================================

Partition Implementation Status
-------------------------------

  No Partitions were found in this design.

-------------------------------

=========================================================================
*                            Design Summary                             *
=========================================================================

Top Level Output File Name         : mips.ngc

Primitive and Black Box Usage:
------------------------------
# BELS                             : 1246
#      GND                         : 1
#      INV                         : 1
#      LUT1                        : 29
#      LUT2                        : 30
#      LUT3                        : 100
#      LUT4                        : 34
#      LUT5                        : 115
#      LUT6                        : 674
#      MUXCY                       : 105
#      MUXF7                       : 64
#      VCC                         : 1
#      XORCY                       : 92
# FlipFlops/Latches                : 1054
#      FDC                         : 30
#      FDE                         : 1024
# Clock Buffers                    : 1
#      BUFGP                       : 1
# IO Buffers                       : 162
#      IBUF                        : 65
#      OBUF                        : 97

Device utilization summary:
---------------------------

Selected Device : 7a100tcsg324-3 


Slice Logic Utilization: 
 Number of Slice Registers:            1054  out of  126800     0%  
 Number of Slice LUTs:                  983  out of  63400     1%  
    Number used as Logic:               983  out of  63400     1%  

Slice Logic Distribution: 
 Number of LUT Flip Flop pairs used:   1952
   Number with an unused Flip Flop:     898  out of   1952    46%  
   Number with an unused LUT:           969  out of   1952    49%  
   Number of fully used LUT-FF pairs:    85  out of   1952     4%  
   Number of unique control sets:        33

IO Utilization: 
 Number of IOs:                         163
 Number of bonded IOBs:                 163  out of    210    77%  

Specific Feature Utilization:
 Number of BUFG/BUFGCTRL/BUFHCEs:         1  out of    128     0%  

---------------------------
Partition Resource Summary:
---------------------------

  No Partitions were found in this design.

---------------------------


=========================================================================
Timing Report

NOTE: THESE TIMING NUMBERS ARE ONLY A SYNTHESIS ESTIMATE.
      FOR ACCURATE TIMING INFORMATION PLEASE REFER TO THE TRACE REPORT
      GENERATED AFTER PLACE-and-ROUTE.

Clock Information:
------------------
-----------------------------------+------------------------+-------+
Clock Signal                       | Clock buffer(FF name)  | Load  |
-----------------------------------+------------------------+-------+
clk                                | BUFGP                  | 1054  |
-----------------------------------+------------------------+-------+

Asynchronous Control Signals Information:
----------------------------------------
No asynchronous control signals found in this design

Timing Summary:
---------------
Speed Grade: -3

   Minimum period: 7.727ns (Maximum Frequency: 129.415MHz)
   Minimum input arrival time before clock: 7.641ns
   Maximum output required time after clock: 6.507ns
   Maximum combinational path delay: 6.421ns

Timing Details:
---------------
All values displayed in nanoseconds (ns)

=========================================================================
Timing constraint: Default period analysis for Clock 'clk'
  Clock period: 7.727ns (frequency: 129.415MHz)
  Total number of paths / destination ports: 75306688 / 1054
-------------------------------------------------------------------------
Delay:               7.727ns (Levels of Logic = 54)
  Source:            dpath/rf/reg27/O_0 (FF)
  Destination:       dpath/pcreg/O_31 (FF)
  Source Clock:      clk rising
  Destination Clock: clk rising

  Data Path: dpath/rf/reg27/O_0 to dpath/pcreg/O_31
                                Gate     Net
    Cell:in->out      fanout   Delay   Delay  Logical Name (Net Name)
    ----------------------------------------  ------------
     FDE:C->Q              2   0.361   0.561  dpath/rf/reg27/O_0 (dpath/rf/reg27/O_0)
     LUT6:I2->O            1   0.097   0.556  dpath/rf/MUX2/Mmux_Z_20_o_I0[0]_MUX_1090_o_81 (dpath/rf/MUX2/Mmux_Z_20_o_I0[0]_MUX_1090_o_81)
     LUT6:I2->O            1   0.097   0.000  dpath/rf/MUX2/Mmux_Z_20_o_I0[0]_MUX_1090_o_3 (dpath/rf/MUX2/Mmux_Z_20_o_I0[0]_MUX_1090_o_3)
     MUXF7:I1->O           2   0.279   0.299  dpath/rf/MUX2/Mmux_Z_20_o_I0[0]_MUX_1090_o_2_f7 (writedata_0_OBUF)
     LUT3:I2->O            6   0.097   0.579  dpath/srcbmux/Mmux_y110 (dpath/srcb<0>)
     LUT4:I0->O            1   0.097   0.000  dpath/alu32/Mcompar_data1[31]_data2[31]_LessThan_13_o_lut<0> (dpath/alu32/Mcompar_data1[31]_data2[31]_LessThan_13_o_lut<0>)
     MUXCY:S->O            1   0.353   0.000  dpath/alu32/Mcompar_data1[31]_data2[31]_LessThan_13_o_cy<0> (dpath/alu32/Mcompar_data1[31]_data2[31]_LessThan_13_o_cy<0>)
     MUXCY:CI->O           1   0.023   0.000  dpath/alu32/Mcompar_data1[31]_data2[31]_LessThan_13_o_cy<1> (dpath/alu32/Mcompar_data1[31]_data2[31]_LessThan_13_o_cy<1>)
     MUXCY:CI->O           1   0.023   0.000  dpath/alu32/Mcompar_data1[31]_data2[31]_LessThan_13_o_cy<2> (dpath/alu32/Mcompar_data1[31]_data2[31]_LessThan_13_o_cy<2>)
     MUXCY:CI->O           1   0.023   0.000  dpath/alu32/Mcompar_data1[31]_data2[31]_LessThan_13_o_cy<3> (dpath/alu32/Mcompar_data1[31]_data2[31]_LessThan_13_o_cy<3>)
     MUXCY:CI->O           1   0.023   0.000  dpath/alu32/Mcompar_data1[31]_data2[31]_LessThan_13_o_cy<4> (dpath/alu32/Mcompar_data1[31]_data2[31]_LessThan_13_o_cy<4>)
     MUXCY:CI->O           1   0.023   0.000  dpath/alu32/Mcompar_data1[31]_data2[31]_LessThan_13_o_cy<5> (dpath/alu32/Mcompar_data1[31]_data2[31]_LessThan_13_o_cy<5>)
     MUXCY:CI->O           1   0.023   0.000  dpath/alu32/Mcompar_data1[31]_data2[31]_LessThan_13_o_cy<6> (dpath/alu32/Mcompar_data1[31]_data2[31]_LessThan_13_o_cy<6>)
     MUXCY:CI->O           1   0.023   0.000  dpath/alu32/Mcompar_data1[31]_data2[31]_LessThan_13_o_cy<7> (dpath/alu32/Mcompar_data1[31]_data2[31]_LessThan_13_o_cy<7>)
     MUXCY:CI->O           1   0.023   0.000  dpath/alu32/Mcompar_data1[31]_data2[31]_LessThan_13_o_cy<8> (dpath/alu32/Mcompar_data1[31]_data2[31]_LessThan_13_o_cy<8>)
     MUXCY:CI->O           1   0.023   0.000  dpath/alu32/Mcompar_data1[31]_data2[31]_LessThan_13_o_cy<9> (dpath/alu32/Mcompar_data1[31]_data2[31]_LessThan_13_o_cy<9>)
     MUXCY:CI->O           1   0.023   0.000  dpath/alu32/Mcompar_data1[31]_data2[31]_LessThan_13_o_cy<10> (dpath/alu32/Mcompar_data1[31]_data2[31]_LessThan_13_o_cy<10>)
     MUXCY:CI->O           1   0.023   0.000  dpath/alu32/Mcompar_data1[31]_data2[31]_LessThan_13_o_cy<11> (dpath/alu32/Mcompar_data1[31]_data2[31]_LessThan_13_o_cy<11>)
     MUXCY:CI->O           1   0.023   0.000  dpath/alu32/Mcompar_data1[31]_data2[31]_LessThan_13_o_cy<12> (dpath/alu32/Mcompar_data1[31]_data2[31]_LessThan_13_o_cy<12>)
     MUXCY:CI->O           1   0.023   0.000  dpath/alu32/Mcompar_data1[31]_data2[31]_LessThan_13_o_cy<13> (dpath/alu32/Mcompar_data1[31]_data2[31]_LessThan_13_o_cy<13>)
     MUXCY:CI->O           1   0.023   0.000  dpath/alu32/Mcompar_data1[31]_data2[31]_LessThan_13_o_cy<14> (dpath/alu32/Mcompar_data1[31]_data2[31]_LessThan_13_o_cy<14>)
     MUXCY:CI->O          16   0.253   0.364  dpath/alu32/Mcompar_data1[31]_data2[31]_LessThan_13_o_cy<15> (dpath/alu32/Mcompar_data1[31]_data2[31]_LessThan_13_o_cy<15>)
     LUT6:I5->O            1   0.097   0.000  dpath/alu32/Mmux__n0049_rs_lut<0> (dpath/alu32/Mmux__n0049_rs_lut<0>)
     MUXCY:S->O            1   0.353   0.000  dpath/alu32/Mmux__n0049_rs_cy<0> (dpath/alu32/Mmux__n0049_rs_cy<0>)
     MUXCY:CI->O           1   0.023   0.000  dpath/alu32/Mmux__n0049_rs_cy<1> (dpath/alu32/Mmux__n0049_rs_cy<1>)
     MUXCY:CI->O           1   0.023   0.000  dpath/alu32/Mmux__n0049_rs_cy<2> (dpath/alu32/Mmux__n0049_rs_cy<2>)
     MUXCY:CI->O           1   0.023   0.000  dpath/alu32/Mmux__n0049_rs_cy<3> (dpath/alu32/Mmux__n0049_rs_cy<3>)
     MUXCY:CI->O           1   0.023   0.000  dpath/alu32/Mmux__n0049_rs_cy<4> (dpath/alu32/Mmux__n0049_rs_cy<4>)
     MUXCY:CI->O           1   0.023   0.000  dpath/alu32/Mmux__n0049_rs_cy<5> (dpath/alu32/Mmux__n0049_rs_cy<5>)
     MUXCY:CI->O           1   0.023   0.000  dpath/alu32/Mmux__n0049_rs_cy<6> (dpath/alu32/Mmux__n0049_rs_cy<6>)
     MUXCY:CI->O           1   0.023   0.000  dpath/alu32/Mmux__n0049_rs_cy<7> (dpath/alu32/Mmux__n0049_rs_cy<7>)
     MUXCY:CI->O           1   0.023   0.000  dpath/alu32/Mmux__n0049_rs_cy<8> (dpath/alu32/Mmux__n0049_rs_cy<8>)
     MUXCY:CI->O           1   0.023   0.000  dpath/alu32/Mmux__n0049_rs_cy<9> (dpath/alu32/Mmux__n0049_rs_cy<9>)
     MUXCY:CI->O           1   0.023   0.000  dpath/alu32/Mmux__n0049_rs_cy<10> (dpath/alu32/Mmux__n0049_rs_cy<10>)
     MUXCY:CI->O           1   0.023   0.000  dpath/alu32/Mmux__n0049_rs_cy<11> (dpath/alu32/Mmux__n0049_rs_cy<11>)
     MUXCY:CI->O           1   0.023   0.000  dpath/alu32/Mmux__n0049_rs_cy<12> (dpath/alu32/Mmux__n0049_rs_cy<12>)
     MUXCY:CI->O           1   0.023   0.000  dpath/alu32/Mmux__n0049_rs_cy<13> (dpath/alu32/Mmux__n0049_rs_cy<13>)
     MUXCY:CI->O           1   0.023   0.000  dpath/alu32/Mmux__n0049_rs_cy<14> (dpath/alu32/Mmux__n0049_rs_cy<14>)
     MUXCY:CI->O           1   0.023   0.000  dpath/alu32/Mmux__n0049_rs_cy<15> (dpath/alu32/Mmux__n0049_rs_cy<15>)
     MUXCY:CI->O           1   0.023   0.000  dpath/alu32/Mmux__n0049_rs_cy<16> (dpath/alu32/Mmux__n0049_rs_cy<16>)
     MUXCY:CI->O           1   0.023   0.000  dpath/alu32/Mmux__n0049_rs_cy<17> (dpath/alu32/Mmux__n0049_rs_cy<17>)
     MUXCY:CI->O           1   0.023   0.000  dpath/alu32/Mmux__n0049_rs_cy<18> (dpath/alu32/Mmux__n0049_rs_cy<18>)
     MUXCY:CI->O           1   0.023   0.000  dpath/alu32/Mmux__n0049_rs_cy<19> (dpath/alu32/Mmux__n0049_rs_cy<19>)
     MUXCY:CI->O           1   0.023   0.000  dpath/alu32/Mmux__n0049_rs_cy<20> (dpath/alu32/Mmux__n0049_rs_cy<20>)
     MUXCY:CI->O           1   0.023   0.000  dpath/alu32/Mmux__n0049_rs_cy<21> (dpath/alu32/Mmux__n0049_rs_cy<21>)
     MUXCY:CI->O           1   0.023   0.000  dpath/alu32/Mmux__n0049_rs_cy<22> (dpath/alu32/Mmux__n0049_rs_cy<22>)
     MUXCY:CI->O           1   0.023   0.000  dpath/alu32/Mmux__n0049_rs_cy<23> (dpath/alu32/Mmux__n0049_rs_cy<23>)
     MUXCY:CI->O           1   0.023   0.000  dpath/alu32/Mmux__n0049_rs_cy<24> (dpath/alu32/Mmux__n0049_rs_cy<24>)
     MUXCY:CI->O           1   0.023   0.000  dpath/alu32/Mmux__n0049_rs_cy<25> (dpath/alu32/Mmux__n0049_rs_cy<25>)
     MUXCY:CI->O           1   0.023   0.000  dpath/alu32/Mmux__n0049_rs_cy<26> (dpath/alu32/Mmux__n0049_rs_cy<26>)
     XORCY:CI->O           1   0.370   0.295  dpath/alu32/Mmux__n0049_rs_xor<27> (dpath/alu32/_n0049<27>)
     LUT5:I4->O            3   0.097   0.389  dpath/alu32/Mmux_result201 (aluout_27_OBUF)
     LUT6:I4->O            1   0.097   0.511  ctrl/pcsrc8_SW0 (N36)
     LUT6:I3->O           30   0.097   0.402  ctrl/pcsrc8 (pcsrc)
     LUT3:I2->O            1   0.097   0.000  dpath/pcmux/Mmux_y210 (dpath/pcnext<10>)
     FDC:D                     0.008          dpath/pcreg/O_10
    ----------------------------------------
    Total                      7.727ns (3.770ns logic, 3.957ns route)
                                       (48.8% logic, 51.2% route)

=========================================================================
Timing constraint: Default OFFSET IN BEFORE for Clock 'clk'
  Total number of paths / destination ports: 61086223 / 2108
-------------------------------------------------------------------------
Offset:              7.641ns (Levels of Logic = 55)
  Source:            instr<17> (PAD)
  Destination:       dpath/pcreg/O_31 (FF)
  Destination Clock: clk rising

  Data Path: instr<17> to dpath/pcreg/O_31
                                Gate     Net
    Cell:in->out      fanout   Delay   Delay  Logical Name (Net Name)
    ----------------------------------------  ------------
     IBUF:I->O           257   0.001   0.835  instr_17_IBUF (instr_17_IBUF)
     LUT6:I0->O            1   0.097   0.556  dpath/rf/MUX2/Mmux_Z_20_o_I0[0]_MUX_1090_o_81 (dpath/rf/MUX2/Mmux_Z_20_o_I0[0]_MUX_1090_o_81)
     LUT6:I2->O            1   0.097   0.000  dpath/rf/MUX2/Mmux_Z_20_o_I0[0]_MUX_1090_o_3 (dpath/rf/MUX2/Mmux_Z_20_o_I0[0]_MUX_1090_o_3)
     MUXF7:I1->O           2   0.279   0.299  dpath/rf/MUX2/Mmux_Z_20_o_I0[0]_MUX_1090_o_2_f7 (writedata_0_OBUF)
     LUT3:I2->O            6   0.097   0.579  dpath/srcbmux/Mmux_y110 (dpath/srcb<0>)
     LUT4:I0->O            1   0.097   0.000  dpath/alu32/Mcompar_data1[31]_data2[31]_LessThan_13_o_lut<0> (dpath/alu32/Mcompar_data1[31]_data2[31]_LessThan_13_o_lut<0>)
     MUXCY:S->O            1   0.353   0.000  dpath/alu32/Mcompar_data1[31]_data2[31]_LessThan_13_o_cy<0> (dpath/alu32/Mcompar_data1[31]_data2[31]_LessThan_13_o_cy<0>)
     MUXCY:CI->O           1   0.023   0.000  dpath/alu32/Mcompar_data1[31]_data2[31]_LessThan_13_o_cy<1> (dpath/alu32/Mcompar_data1[31]_data2[31]_LessThan_13_o_cy<1>)
     MUXCY:CI->O           1   0.023   0.000  dpath/alu32/Mcompar_data1[31]_data2[31]_LessThan_13_o_cy<2> (dpath/alu32/Mcompar_data1[31]_data2[31]_LessThan_13_o_cy<2>)
     MUXCY:CI->O           1   0.023   0.000  dpath/alu32/Mcompar_data1[31]_data2[31]_LessThan_13_o_cy<3> (dpath/alu32/Mcompar_data1[31]_data2[31]_LessThan_13_o_cy<3>)
     MUXCY:CI->O           1   0.023   0.000  dpath/alu32/Mcompar_data1[31]_data2[31]_LessThan_13_o_cy<4> (dpath/alu32/Mcompar_data1[31]_data2[31]_LessThan_13_o_cy<4>)
     MUXCY:CI->O           1   0.023   0.000  dpath/alu32/Mcompar_data1[31]_data2[31]_LessThan_13_o_cy<5> (dpath/alu32/Mcompar_data1[31]_data2[31]_LessThan_13_o_cy<5>)
     MUXCY:CI->O           1   0.023   0.000  dpath/alu32/Mcompar_data1[31]_data2[31]_LessThan_13_o_cy<6> (dpath/alu32/Mcompar_data1[31]_data2[31]_LessThan_13_o_cy<6>)
     MUXCY:CI->O           1   0.023   0.000  dpath/alu32/Mcompar_data1[31]_data2[31]_LessThan_13_o_cy<7> (dpath/alu32/Mcompar_data1[31]_data2[31]_LessThan_13_o_cy<7>)
     MUXCY:CI->O           1   0.023   0.000  dpath/alu32/Mcompar_data1[31]_data2[31]_LessThan_13_o_cy<8> (dpath/alu32/Mcompar_data1[31]_data2[31]_LessThan_13_o_cy<8>)
     MUXCY:CI->O           1   0.023   0.000  dpath/alu32/Mcompar_data1[31]_data2[31]_LessThan_13_o_cy<9> (dpath/alu32/Mcompar_data1[31]_data2[31]_LessThan_13_o_cy<9>)
     MUXCY:CI->O           1   0.023   0.000  dpath/alu32/Mcompar_data1[31]_data2[31]_LessThan_13_o_cy<10> (dpath/alu32/Mcompar_data1[31]_data2[31]_LessThan_13_o_cy<10>)
     MUXCY:CI->O           1   0.023   0.000  dpath/alu32/Mcompar_data1[31]_data2[31]_LessThan_13_o_cy<11> (dpath/alu32/Mcompar_data1[31]_data2[31]_LessThan_13_o_cy<11>)
     MUXCY:CI->O           1   0.023   0.000  dpath/alu32/Mcompar_data1[31]_data2[31]_LessThan_13_o_cy<12> (dpath/alu32/Mcompar_data1[31]_data2[31]_LessThan_13_o_cy<12>)
     MUXCY:CI->O           1   0.023   0.000  dpath/alu32/Mcompar_data1[31]_data2[31]_LessThan_13_o_cy<13> (dpath/alu32/Mcompar_data1[31]_data2[31]_LessThan_13_o_cy<13>)
     MUXCY:CI->O           1   0.023   0.000  dpath/alu32/Mcompar_data1[31]_data2[31]_LessThan_13_o_cy<14> (dpath/alu32/Mcompar_data1[31]_data2[31]_LessThan_13_o_cy<14>)
     MUXCY:CI->O          16   0.253   0.364  dpath/alu32/Mcompar_data1[31]_data2[31]_LessThan_13_o_cy<15> (dpath/alu32/Mcompar_data1[31]_data2[31]_LessThan_13_o_cy<15>)
     LUT6:I5->O            1   0.097   0.000  dpath/alu32/Mmux__n0049_rs_lut<0> (dpath/alu32/Mmux__n0049_rs_lut<0>)
     MUXCY:S->O            1   0.353   0.000  dpath/alu32/Mmux__n0049_rs_cy<0> (dpath/alu32/Mmux__n0049_rs_cy<0>)
     MUXCY:CI->O           1   0.023   0.000  dpath/alu32/Mmux__n0049_rs_cy<1> (dpath/alu32/Mmux__n0049_rs_cy<1>)
     MUXCY:CI->O           1   0.023   0.000  dpath/alu32/Mmux__n0049_rs_cy<2> (dpath/alu32/Mmux__n0049_rs_cy<2>)
     MUXCY:CI->O           1   0.023   0.000  dpath/alu32/Mmux__n0049_rs_cy<3> (dpath/alu32/Mmux__n0049_rs_cy<3>)
     MUXCY:CI->O           1   0.023   0.000  dpath/alu32/Mmux__n0049_rs_cy<4> (dpath/alu32/Mmux__n0049_rs_cy<4>)
     MUXCY:CI->O           1   0.023   0.000  dpath/alu32/Mmux__n0049_rs_cy<5> (dpath/alu32/Mmux__n0049_rs_cy<5>)
     MUXCY:CI->O           1   0.023   0.000  dpath/alu32/Mmux__n0049_rs_cy<6> (dpath/alu32/Mmux__n0049_rs_cy<6>)
     MUXCY:CI->O           1   0.023   0.000  dpath/alu32/Mmux__n0049_rs_cy<7> (dpath/alu32/Mmux__n0049_rs_cy<7>)
     MUXCY:CI->O           1   0.023   0.000  dpath/alu32/Mmux__n0049_rs_cy<8> (dpath/alu32/Mmux__n0049_rs_cy<8>)
     MUXCY:CI->O           1   0.023   0.000  dpath/alu32/Mmux__n0049_rs_cy<9> (dpath/alu32/Mmux__n0049_rs_cy<9>)
     MUXCY:CI->O           1   0.023   0.000  dpath/alu32/Mmux__n0049_rs_cy<10> (dpath/alu32/Mmux__n0049_rs_cy<10>)
     MUXCY:CI->O           1   0.023   0.000  dpath/alu32/Mmux__n0049_rs_cy<11> (dpath/alu32/Mmux__n0049_rs_cy<11>)
     MUXCY:CI->O           1   0.023   0.000  dpath/alu32/Mmux__n0049_rs_cy<12> (dpath/alu32/Mmux__n0049_rs_cy<12>)
     MUXCY:CI->O           1   0.023   0.000  dpath/alu32/Mmux__n0049_rs_cy<13> (dpath/alu32/Mmux__n0049_rs_cy<13>)
     MUXCY:CI->O           1   0.023   0.000  dpath/alu32/Mmux__n0049_rs_cy<14> (dpath/alu32/Mmux__n0049_rs_cy<14>)
     MUXCY:CI->O           1   0.023   0.000  dpath/alu32/Mmux__n0049_rs_cy<15> (dpath/alu32/Mmux__n0049_rs_cy<15>)
     MUXCY:CI->O           1   0.023   0.000  dpath/alu32/Mmux__n0049_rs_cy<16> (dpath/alu32/Mmux__n0049_rs_cy<16>)
     MUXCY:CI->O           1   0.023   0.000  dpath/alu32/Mmux__n0049_rs_cy<17> (dpath/alu32/Mmux__n0049_rs_cy<17>)
     MUXCY:CI->O           1   0.023   0.000  dpath/alu32/Mmux__n0049_rs_cy<18> (dpath/alu32/Mmux__n0049_rs_cy<18>)
     MUXCY:CI->O           1   0.023   0.000  dpath/alu32/Mmux__n0049_rs_cy<19> (dpath/alu32/Mmux__n0049_rs_cy<19>)
     MUXCY:CI->O           1   0.023   0.000  dpath/alu32/Mmux__n0049_rs_cy<20> (dpath/alu32/Mmux__n0049_rs_cy<20>)
     MUXCY:CI->O           1   0.023   0.000  dpath/alu32/Mmux__n0049_rs_cy<21> (dpath/alu32/Mmux__n0049_rs_cy<21>)
     MUXCY:CI->O           1   0.023   0.000  dpath/alu32/Mmux__n0049_rs_cy<22> (dpath/alu32/Mmux__n0049_rs_cy<22>)
     MUXCY:CI->O           1   0.023   0.000  dpath/alu32/Mmux__n0049_rs_cy<23> (dpath/alu32/Mmux__n0049_rs_cy<23>)
     MUXCY:CI->O           1   0.023   0.000  dpath/alu32/Mmux__n0049_rs_cy<24> (dpath/alu32/Mmux__n0049_rs_cy<24>)
     MUXCY:CI->O           1   0.023   0.000  dpath/alu32/Mmux__n0049_rs_cy<25> (dpath/alu32/Mmux__n0049_rs_cy<25>)
     MUXCY:CI->O           1   0.023   0.000  dpath/alu32/Mmux__n0049_rs_cy<26> (dpath/alu32/Mmux__n0049_rs_cy<26>)
     XORCY:CI->O           1   0.370   0.295  dpath/alu32/Mmux__n0049_rs_xor<27> (dpath/alu32/_n0049<27>)
     LUT5:I4->O            3   0.097   0.389  dpath/alu32/Mmux_result201 (aluout_27_OBUF)
     LUT6:I4->O            1   0.097   0.511  ctrl/pcsrc8_SW0 (N36)
     LUT6:I3->O           30   0.097   0.402  ctrl/pcsrc8 (pcsrc)
     LUT3:I2->O            1   0.097   0.000  dpath/pcmux/Mmux_y210 (dpath/pcnext<10>)
     FDC:D                     0.008          dpath/pcreg/O_10
    ----------------------------------------
    Total                      7.641ns (3.410ns logic, 4.231ns route)
                                       (44.6% logic, 55.4% route)

=========================================================================
Timing constraint: Default OFFSET OUT AFTER for Clock 'clk'
  Total number of paths / destination ports: 1215518 / 94
-------------------------------------------------------------------------
Offset:              6.507ns (Levels of Logic = 56)
  Source:            dpath/rf/reg27/O_0 (FF)
  Destination:       aluout<31> (PAD)
  Source Clock:      clk rising

  Data Path: dpath/rf/reg27/O_0 to aluout<31>
                                Gate     Net
    Cell:in->out      fanout   Delay   Delay  Logical Name (Net Name)
    ----------------------------------------  ------------
     FDE:C->Q              2   0.361   0.561  dpath/rf/reg27/O_0 (dpath/rf/reg27/O_0)
     LUT6:I2->O            1   0.097   0.556  dpath/rf/MUX2/Mmux_Z_20_o_I0[0]_MUX_1090_o_81 (dpath/rf/MUX2/Mmux_Z_20_o_I0[0]_MUX_1090_o_81)
     LUT6:I2->O            1   0.097   0.000  dpath/rf/MUX2/Mmux_Z_20_o_I0[0]_MUX_1090_o_3 (dpath/rf/MUX2/Mmux_Z_20_o_I0[0]_MUX_1090_o_3)
     MUXF7:I1->O           2   0.279   0.299  dpath/rf/MUX2/Mmux_Z_20_o_I0[0]_MUX_1090_o_2_f7 (writedata_0_OBUF)
     LUT3:I2->O            6   0.097   0.579  dpath/srcbmux/Mmux_y110 (dpath/srcb<0>)
     LUT4:I0->O            1   0.097   0.000  dpath/alu32/Mcompar_data1[31]_data2[31]_LessThan_13_o_lut<0> (dpath/alu32/Mcompar_data1[31]_data2[31]_LessThan_13_o_lut<0>)
     MUXCY:S->O            1   0.353   0.000  dpath/alu32/Mcompar_data1[31]_data2[31]_LessThan_13_o_cy<0> (dpath/alu32/Mcompar_data1[31]_data2[31]_LessThan_13_o_cy<0>)
     MUXCY:CI->O           1   0.023   0.000  dpath/alu32/Mcompar_data1[31]_data2[31]_LessThan_13_o_cy<1> (dpath/alu32/Mcompar_data1[31]_data2[31]_LessThan_13_o_cy<1>)
     MUXCY:CI->O           1   0.023   0.000  dpath/alu32/Mcompar_data1[31]_data2[31]_LessThan_13_o_cy<2> (dpath/alu32/Mcompar_data1[31]_data2[31]_LessThan_13_o_cy<2>)
     MUXCY:CI->O           1   0.023   0.000  dpath/alu32/Mcompar_data1[31]_data2[31]_LessThan_13_o_cy<3> (dpath/alu32/Mcompar_data1[31]_data2[31]_LessThan_13_o_cy<3>)
     MUXCY:CI->O           1   0.023   0.000  dpath/alu32/Mcompar_data1[31]_data2[31]_LessThan_13_o_cy<4> (dpath/alu32/Mcompar_data1[31]_data2[31]_LessThan_13_o_cy<4>)
     MUXCY:CI->O           1   0.023   0.000  dpath/alu32/Mcompar_data1[31]_data2[31]_LessThan_13_o_cy<5> (dpath/alu32/Mcompar_data1[31]_data2[31]_LessThan_13_o_cy<5>)
     MUXCY:CI->O           1   0.023   0.000  dpath/alu32/Mcompar_data1[31]_data2[31]_LessThan_13_o_cy<6> (dpath/alu32/Mcompar_data1[31]_data2[31]_LessThan_13_o_cy<6>)
     MUXCY:CI->O           1   0.023   0.000  dpath/alu32/Mcompar_data1[31]_data2[31]_LessThan_13_o_cy<7> (dpath/alu32/Mcompar_data1[31]_data2[31]_LessThan_13_o_cy<7>)
     MUXCY:CI->O           1   0.023   0.000  dpath/alu32/Mcompar_data1[31]_data2[31]_LessThan_13_o_cy<8> (dpath/alu32/Mcompar_data1[31]_data2[31]_LessThan_13_o_cy<8>)
     MUXCY:CI->O           1   0.023   0.000  dpath/alu32/Mcompar_data1[31]_data2[31]_LessThan_13_o_cy<9> (dpath/alu32/Mcompar_data1[31]_data2[31]_LessThan_13_o_cy<9>)
     MUXCY:CI->O           1   0.023   0.000  dpath/alu32/Mcompar_data1[31]_data2[31]_LessThan_13_o_cy<10> (dpath/alu32/Mcompar_data1[31]_data2[31]_LessThan_13_o_cy<10>)
     MUXCY:CI->O           1   0.023   0.000  dpath/alu32/Mcompar_data1[31]_data2[31]_LessThan_13_o_cy<11> (dpath/alu32/Mcompar_data1[31]_data2[31]_LessThan_13_o_cy<11>)
     MUXCY:CI->O           1   0.023   0.000  dpath/alu32/Mcompar_data1[31]_data2[31]_LessThan_13_o_cy<12> (dpath/alu32/Mcompar_data1[31]_data2[31]_LessThan_13_o_cy<12>)
     MUXCY:CI->O           1   0.023   0.000  dpath/alu32/Mcompar_data1[31]_data2[31]_LessThan_13_o_cy<13> (dpath/alu32/Mcompar_data1[31]_data2[31]_LessThan_13_o_cy<13>)
     MUXCY:CI->O           1   0.023   0.000  dpath/alu32/Mcompar_data1[31]_data2[31]_LessThan_13_o_cy<14> (dpath/alu32/Mcompar_data1[31]_data2[31]_LessThan_13_o_cy<14>)
     MUXCY:CI->O          16   0.253   0.364  dpath/alu32/Mcompar_data1[31]_data2[31]_LessThan_13_o_cy<15> (dpath/alu32/Mcompar_data1[31]_data2[31]_LessThan_13_o_cy<15>)
     LUT6:I5->O            1   0.097   0.000  dpath/alu32/Mmux__n0049_rs_lut<0> (dpath/alu32/Mmux__n0049_rs_lut<0>)
     MUXCY:S->O            1   0.353   0.000  dpath/alu32/Mmux__n0049_rs_cy<0> (dpath/alu32/Mmux__n0049_rs_cy<0>)
     MUXCY:CI->O           1   0.023   0.000  dpath/alu32/Mmux__n0049_rs_cy<1> (dpath/alu32/Mmux__n0049_rs_cy<1>)
     MUXCY:CI->O           1   0.023   0.000  dpath/alu32/Mmux__n0049_rs_cy<2> (dpath/alu32/Mmux__n0049_rs_cy<2>)
     MUXCY:CI->O           1   0.023   0.000  dpath/alu32/Mmux__n0049_rs_cy<3> (dpath/alu32/Mmux__n0049_rs_cy<3>)
     MUXCY:CI->O           1   0.023   0.000  dpath/alu32/Mmux__n0049_rs_cy<4> (dpath/alu32/Mmux__n0049_rs_cy<4>)
     MUXCY:CI->O           1   0.023   0.000  dpath/alu32/Mmux__n0049_rs_cy<5> (dpath/alu32/Mmux__n0049_rs_cy<5>)
     MUXCY:CI->O           1   0.023   0.000  dpath/alu32/Mmux__n0049_rs_cy<6> (dpath/alu32/Mmux__n0049_rs_cy<6>)
     MUXCY:CI->O           1   0.023   0.000  dpath/alu32/Mmux__n0049_rs_cy<7> (dpath/alu32/Mmux__n0049_rs_cy<7>)
     MUXCY:CI->O           1   0.023   0.000  dpath/alu32/Mmux__n0049_rs_cy<8> (dpath/alu32/Mmux__n0049_rs_cy<8>)
     MUXCY:CI->O           1   0.023   0.000  dpath/alu32/Mmux__n0049_rs_cy<9> (dpath/alu32/Mmux__n0049_rs_cy<9>)
     MUXCY:CI->O           1   0.023   0.000  dpath/alu32/Mmux__n0049_rs_cy<10> (dpath/alu32/Mmux__n0049_rs_cy<10>)
     MUXCY:CI->O           1   0.023   0.000  dpath/alu32/Mmux__n0049_rs_cy<11> (dpath/alu32/Mmux__n0049_rs_cy<11>)
     MUXCY:CI->O           1   0.023   0.000  dpath/alu32/Mmux__n0049_rs_cy<12> (dpath/alu32/Mmux__n0049_rs_cy<12>)
     MUXCY:CI->O           1   0.023   0.000  dpath/alu32/Mmux__n0049_rs_cy<13> (dpath/alu32/Mmux__n0049_rs_cy<13>)
     MUXCY:CI->O           1   0.023   0.000  dpath/alu32/Mmux__n0049_rs_cy<14> (dpath/alu32/Mmux__n0049_rs_cy<14>)
     MUXCY:CI->O           1   0.023   0.000  dpath/alu32/Mmux__n0049_rs_cy<15> (dpath/alu32/Mmux__n0049_rs_cy<15>)
     MUXCY:CI->O           1   0.023   0.000  dpath/alu32/Mmux__n0049_rs_cy<16> (dpath/alu32/Mmux__n0049_rs_cy<16>)
     MUXCY:CI->O           1   0.023   0.000  dpath/alu32/Mmux__n0049_rs_cy<17> (dpath/alu32/Mmux__n0049_rs_cy<17>)
     MUXCY:CI->O           1   0.023   0.000  dpath/alu32/Mmux__n0049_rs_cy<18> (dpath/alu32/Mmux__n0049_rs_cy<18>)
     MUXCY:CI->O           1   0.023   0.000  dpath/alu32/Mmux__n0049_rs_cy<19> (dpath/alu32/Mmux__n0049_rs_cy<19>)
     MUXCY:CI->O           1   0.023   0.000  dpath/alu32/Mmux__n0049_rs_cy<20> (dpath/alu32/Mmux__n0049_rs_cy<20>)
     MUXCY:CI->O           1   0.023   0.000  dpath/alu32/Mmux__n0049_rs_cy<21> (dpath/alu32/Mmux__n0049_rs_cy<21>)
     MUXCY:CI->O           1   0.023   0.000  dpath/alu32/Mmux__n0049_rs_cy<22> (dpath/alu32/Mmux__n0049_rs_cy<22>)
     MUXCY:CI->O           1   0.023   0.000  dpath/alu32/Mmux__n0049_rs_cy<23> (dpath/alu32/Mmux__n0049_rs_cy<23>)
     MUXCY:CI->O           1   0.023   0.000  dpath/alu32/Mmux__n0049_rs_cy<24> (dpath/alu32/Mmux__n0049_rs_cy<24>)
     MUXCY:CI->O           1   0.023   0.000  dpath/alu32/Mmux__n0049_rs_cy<25> (dpath/alu32/Mmux__n0049_rs_cy<25>)
     MUXCY:CI->O           1   0.023   0.000  dpath/alu32/Mmux__n0049_rs_cy<26> (dpath/alu32/Mmux__n0049_rs_cy<26>)
     MUXCY:CI->O           1   0.023   0.000  dpath/alu32/Mmux__n0049_rs_cy<27> (dpath/alu32/Mmux__n0049_rs_cy<27>)
     MUXCY:CI->O           1   0.023   0.000  dpath/alu32/Mmux__n0049_rs_cy<28> (dpath/alu32/Mmux__n0049_rs_cy<28>)
     MUXCY:CI->O           1   0.023   0.000  dpath/alu32/Mmux__n0049_rs_cy<29> (dpath/alu32/Mmux__n0049_rs_cy<29>)
     MUXCY:CI->O           0   0.023   0.000  dpath/alu32/Mmux__n0049_rs_cy<30> (dpath/alu32/Mmux__n0049_rs_cy<30>)
     XORCY:CI->O           1   0.370   0.295  dpath/alu32/Mmux__n0049_rs_xor<31> (dpath/alu32/_n0049<31>)
     LUT5:I4->O            3   0.097   0.289  dpath/alu32/Mmux_result251 (aluout_31_OBUF)
     OBUF:I->O                 0.000          aluout_31_OBUF (aluout<31>)
    ----------------------------------------
    Total                      6.507ns (3.563ns logic, 2.944ns route)
                                       (54.8% logic, 45.2% route)

=========================================================================
Timing constraint: Default path analysis
  Total number of paths / destination ports: 985318 / 65
-------------------------------------------------------------------------
Delay:               6.421ns (Levels of Logic = 57)
  Source:            instr<17> (PAD)
  Destination:       aluout<31> (PAD)

  Data Path: instr<17> to aluout<31>
                                Gate     Net
    Cell:in->out      fanout   Delay   Delay  Logical Name (Net Name)
    ----------------------------------------  ------------
     IBUF:I->O           257   0.001   0.835  instr_17_IBUF (instr_17_IBUF)
     LUT6:I0->O            1   0.097   0.556  dpath/rf/MUX2/Mmux_Z_20_o_I0[0]_MUX_1090_o_81 (dpath/rf/MUX2/Mmux_Z_20_o_I0[0]_MUX_1090_o_81)
     LUT6:I2->O            1   0.097   0.000  dpath/rf/MUX2/Mmux_Z_20_o_I0[0]_MUX_1090_o_3 (dpath/rf/MUX2/Mmux_Z_20_o_I0[0]_MUX_1090_o_3)
     MUXF7:I1->O           2   0.279   0.299  dpath/rf/MUX2/Mmux_Z_20_o_I0[0]_MUX_1090_o_2_f7 (writedata_0_OBUF)
     LUT3:I2->O            6   0.097   0.579  dpath/srcbmux/Mmux_y110 (dpath/srcb<0>)
     LUT4:I0->O            1   0.097   0.000  dpath/alu32/Mcompar_data1[31]_data2[31]_LessThan_13_o_lut<0> (dpath/alu32/Mcompar_data1[31]_data2[31]_LessThan_13_o_lut<0>)
     MUXCY:S->O            1   0.353   0.000  dpath/alu32/Mcompar_data1[31]_data2[31]_LessThan_13_o_cy<0> (dpath/alu32/Mcompar_data1[31]_data2[31]_LessThan_13_o_cy<0>)
     MUXCY:CI->O           1   0.023   0.000  dpath/alu32/Mcompar_data1[31]_data2[31]_LessThan_13_o_cy<1> (dpath/alu32/Mcompar_data1[31]_data2[31]_LessThan_13_o_cy<1>)
     MUXCY:CI->O           1   0.023   0.000  dpath/alu32/Mcompar_data1[31]_data2[31]_LessThan_13_o_cy<2> (dpath/alu32/Mcompar_data1[31]_data2[31]_LessThan_13_o_cy<2>)
     MUXCY:CI->O           1   0.023   0.000  dpath/alu32/Mcompar_data1[31]_data2[31]_LessThan_13_o_cy<3> (dpath/alu32/Mcompar_data1[31]_data2[31]_LessThan_13_o_cy<3>)
     MUXCY:CI->O           1   0.023   0.000  dpath/alu32/Mcompar_data1[31]_data2[31]_LessThan_13_o_cy<4> (dpath/alu32/Mcompar_data1[31]_data2[31]_LessThan_13_o_cy<4>)
     MUXCY:CI->O           1   0.023   0.000  dpath/alu32/Mcompar_data1[31]_data2[31]_LessThan_13_o_cy<5> (dpath/alu32/Mcompar_data1[31]_data2[31]_LessThan_13_o_cy<5>)
     MUXCY:CI->O           1   0.023   0.000  dpath/alu32/Mcompar_data1[31]_data2[31]_LessThan_13_o_cy<6> (dpath/alu32/Mcompar_data1[31]_data2[31]_LessThan_13_o_cy<6>)
     MUXCY:CI->O           1   0.023   0.000  dpath/alu32/Mcompar_data1[31]_data2[31]_LessThan_13_o_cy<7> (dpath/alu32/Mcompar_data1[31]_data2[31]_LessThan_13_o_cy<7>)
     MUXCY:CI->O           1   0.023   0.000  dpath/alu32/Mcompar_data1[31]_data2[31]_LessThan_13_o_cy<8> (dpath/alu32/Mcompar_data1[31]_data2[31]_LessThan_13_o_cy<8>)
     MUXCY:CI->O           1   0.023   0.000  dpath/alu32/Mcompar_data1[31]_data2[31]_LessThan_13_o_cy<9> (dpath/alu32/Mcompar_data1[31]_data2[31]_LessThan_13_o_cy<9>)
     MUXCY:CI->O           1   0.023   0.000  dpath/alu32/Mcompar_data1[31]_data2[31]_LessThan_13_o_cy<10> (dpath/alu32/Mcompar_data1[31]_data2[31]_LessThan_13_o_cy<10>)
     MUXCY:CI->O           1   0.023   0.000  dpath/alu32/Mcompar_data1[31]_data2[31]_LessThan_13_o_cy<11> (dpath/alu32/Mcompar_data1[31]_data2[31]_LessThan_13_o_cy<11>)
     MUXCY:CI->O           1   0.023   0.000  dpath/alu32/Mcompar_data1[31]_data2[31]_LessThan_13_o_cy<12> (dpath/alu32/Mcompar_data1[31]_data2[31]_LessThan_13_o_cy<12>)
     MUXCY:CI->O           1   0.023   0.000  dpath/alu32/Mcompar_data1[31]_data2[31]_LessThan_13_o_cy<13> (dpath/alu32/Mcompar_data1[31]_data2[31]_LessThan_13_o_cy<13>)
     MUXCY:CI->O           1   0.023   0.000  dpath/alu32/Mcompar_data1[31]_data2[31]_LessThan_13_o_cy<14> (dpath/alu32/Mcompar_data1[31]_data2[31]_LessThan_13_o_cy<14>)
     MUXCY:CI->O          16   0.253   0.364  dpath/alu32/Mcompar_data1[31]_data2[31]_LessThan_13_o_cy<15> (dpath/alu32/Mcompar_data1[31]_data2[31]_LessThan_13_o_cy<15>)
     LUT6:I5->O            1   0.097   0.000  dpath/alu32/Mmux__n0049_rs_lut<0> (dpath/alu32/Mmux__n0049_rs_lut<0>)
     MUXCY:S->O            1   0.353   0.000  dpath/alu32/Mmux__n0049_rs_cy<0> (dpath/alu32/Mmux__n0049_rs_cy<0>)
     MUXCY:CI->O           1   0.023   0.000  dpath/alu32/Mmux__n0049_rs_cy<1> (dpath/alu32/Mmux__n0049_rs_cy<1>)
     MUXCY:CI->O           1   0.023   0.000  dpath/alu32/Mmux__n0049_rs_cy<2> (dpath/alu32/Mmux__n0049_rs_cy<2>)
     MUXCY:CI->O           1   0.023   0.000  dpath/alu32/Mmux__n0049_rs_cy<3> (dpath/alu32/Mmux__n0049_rs_cy<3>)
     MUXCY:CI->O           1   0.023   0.000  dpath/alu32/Mmux__n0049_rs_cy<4> (dpath/alu32/Mmux__n0049_rs_cy<4>)
     MUXCY:CI->O           1   0.023   0.000  dpath/alu32/Mmux__n0049_rs_cy<5> (dpath/alu32/Mmux__n0049_rs_cy<5>)
     MUXCY:CI->O           1   0.023   0.000  dpath/alu32/Mmux__n0049_rs_cy<6> (dpath/alu32/Mmux__n0049_rs_cy<6>)
     MUXCY:CI->O           1   0.023   0.000  dpath/alu32/Mmux__n0049_rs_cy<7> (dpath/alu32/Mmux__n0049_rs_cy<7>)
     MUXCY:CI->O           1   0.023   0.000  dpath/alu32/Mmux__n0049_rs_cy<8> (dpath/alu32/Mmux__n0049_rs_cy<8>)
     MUXCY:CI->O           1   0.023   0.000  dpath/alu32/Mmux__n0049_rs_cy<9> (dpath/alu32/Mmux__n0049_rs_cy<9>)
     MUXCY:CI->O           1   0.023   0.000  dpath/alu32/Mmux__n0049_rs_cy<10> (dpath/alu32/Mmux__n0049_rs_cy<10>)
     MUXCY:CI->O           1   0.023   0.000  dpath/alu32/Mmux__n0049_rs_cy<11> (dpath/alu32/Mmux__n0049_rs_cy<11>)
     MUXCY:CI->O           1   0.023   0.000  dpath/alu32/Mmux__n0049_rs_cy<12> (dpath/alu32/Mmux__n0049_rs_cy<12>)
     MUXCY:CI->O           1   0.023   0.000  dpath/alu32/Mmux__n0049_rs_cy<13> (dpath/alu32/Mmux__n0049_rs_cy<13>)
     MUXCY:CI->O           1   0.023   0.000  dpath/alu32/Mmux__n0049_rs_cy<14> (dpath/alu32/Mmux__n0049_rs_cy<14>)
     MUXCY:CI->O           1   0.023   0.000  dpath/alu32/Mmux__n0049_rs_cy<15> (dpath/alu32/Mmux__n0049_rs_cy<15>)
     MUXCY:CI->O           1   0.023   0.000  dpath/alu32/Mmux__n0049_rs_cy<16> (dpath/alu32/Mmux__n0049_rs_cy<16>)
     MUXCY:CI->O           1   0.023   0.000  dpath/alu32/Mmux__n0049_rs_cy<17> (dpath/alu32/Mmux__n0049_rs_cy<17>)
     MUXCY:CI->O           1   0.023   0.000  dpath/alu32/Mmux__n0049_rs_cy<18> (dpath/alu32/Mmux__n0049_rs_cy<18>)
     MUXCY:CI->O           1   0.023   0.000  dpath/alu32/Mmux__n0049_rs_cy<19> (dpath/alu32/Mmux__n0049_rs_cy<19>)
     MUXCY:CI->O           1   0.023   0.000  dpath/alu32/Mmux__n0049_rs_cy<20> (dpath/alu32/Mmux__n0049_rs_cy<20>)
     MUXCY:CI->O           1   0.023   0.000  dpath/alu32/Mmux__n0049_rs_cy<21> (dpath/alu32/Mmux__n0049_rs_cy<21>)
     MUXCY:CI->O           1   0.023   0.000  dpath/alu32/Mmux__n0049_rs_cy<22> (dpath/alu32/Mmux__n0049_rs_cy<22>)
     MUXCY:CI->O           1   0.023   0.000  dpath/alu32/Mmux__n0049_rs_cy<23> (dpath/alu32/Mmux__n0049_rs_cy<23>)
     MUXCY:CI->O           1   0.023   0.000  dpath/alu32/Mmux__n0049_rs_cy<24> (dpath/alu32/Mmux__n0049_rs_cy<24>)
     MUXCY:CI->O           1   0.023   0.000  dpath/alu32/Mmux__n0049_rs_cy<25> (dpath/alu32/Mmux__n0049_rs_cy<25>)
     MUXCY:CI->O           1   0.023   0.000  dpath/alu32/Mmux__n0049_rs_cy<26> (dpath/alu32/Mmux__n0049_rs_cy<26>)
     MUXCY:CI->O           1   0.023   0.000  dpath/alu32/Mmux__n0049_rs_cy<27> (dpath/alu32/Mmux__n0049_rs_cy<27>)
     MUXCY:CI->O           1   0.023   0.000  dpath/alu32/Mmux__n0049_rs_cy<28> (dpath/alu32/Mmux__n0049_rs_cy<28>)
     MUXCY:CI->O           1   0.023   0.000  dpath/alu32/Mmux__n0049_rs_cy<29> (dpath/alu32/Mmux__n0049_rs_cy<29>)
     MUXCY:CI->O           0   0.023   0.000  dpath/alu32/Mmux__n0049_rs_cy<30> (dpath/alu32/Mmux__n0049_rs_cy<30>)
     XORCY:CI->O           1   0.370   0.295  dpath/alu32/Mmux__n0049_rs_xor<31> (dpath/alu32/_n0049<31>)
     LUT5:I4->O            3   0.097   0.289  dpath/alu32/Mmux_result251 (aluout_31_OBUF)
     OBUF:I->O                 0.000          aluout_31_OBUF (aluout<31>)
    ----------------------------------------
    Total                      6.421ns (3.203ns logic, 3.218ns route)
                                       (49.9% logic, 50.1% route)

=========================================================================

Cross Clock Domains Report:
--------------------------

Clock to Setup on destination clock clk
---------------+---------+---------+---------+---------+
               | Src:Rise| Src:Fall| Src:Rise| Src:Fall|
Source Clock   |Dest:Rise|Dest:Rise|Dest:Fall|Dest:Fall|
---------------+---------+---------+---------+---------+
clk            |    7.727|         |         |         |
---------------+---------+---------+---------+---------+

=========================================================================


Total REAL time to Xst completion: 11.00 secs
Total CPU time to Xst completion: 11.54 secs
 
--> 

Total memory usage is 4666908 kilobytes

Number of errors   :    0 (   0 filtered)
Number of warnings :   10 (   0 filtered)
Number of infos    :    3 (   0 filtered)

